2025-03-03 00:48:23 - root - INFO - Logging setup complete for task1
2025-03-03 00:48:24 - root - INFO - pick up block at (-0.7, -0.6) start_height 0.13
2025-03-03 00:48:24 - root - INFO - Planning and moving to xyz facing down ur5e_2 from [-1.56417438e+00 -1.56694744e+00 -4.97276278e-04 -1.56588207e+00
  1.05265287e-05 -1.99549302e-06] to [-4.9778277166486635, -0.7628240106238683, -4.873990429650464, 4.066017899381029, 4.712388996082528, -0.2654387413679776] target: [-0.7, -0.6, 0.13]
2025-03-03 00:48:24 - root - INFO - Planning and movingJ ur5e_2 from [-1.56417438e+00 -1.56694744e+00 -4.97276278e-04 -1.56588207e+00
  1.05265287e-05 -1.99549302e-06] to [1.3053575905309227, -0.7628240106238683, 1.4091948775291225, 4.066017899381029, -1.570796311097058, -0.2654387413679776]
2025-03-03 00:48:24 - root - INFO - MovingJ ur5e_2 from [-1.56417438e+00 -1.56694744e+00 -4.97276278e-04 -1.56588207e+00
  1.05265287e-05 -1.99549302e-06] to [1.3053575905309227, -0.7628240106238683, 1.4091948775291225, 4.066017899381029, -1.570796311097058, -0.2654387413679776]
2025-03-03 00:48:29 - root - INFO - MovingL ur5e_2 from [-0.68863546 -0.5962303   0.13445024] to [-0.7  -0.6   0.03]
2025-03-03 00:48:34 - root - WARNING - Linear movement for ur5e_2 completed, but target not reached within tolerance after 400 attempts
2025-03-03 00:48:34 - root - INFO - MovingJ ur5e_2 from [ 1.3014426  -0.61250708  1.40393046  3.89373681 -1.5710494  -0.26547403] to [ 1.29048071 -0.76161211  1.40344477  4.03708697 -1.56255152 -0.26404667]
2025-03-03 00:48:35 - root - INFO - Planning and moving to xyz facing down ur5e_2 from [ 1.30130932 -0.66142155  1.4051599   3.94633994 -1.57108775 -0.26547963] to [1.2631291490505638, -0.975107778555979, 1.7498389222513564, 3.9376575682173875, -1.5707963029159246, -0.307667178875985] target: [-0.7, -0.7, 0.15]
2025-03-03 00:48:35 - root - INFO - Planning and movingJ ur5e_2 from [ 1.30130932 -0.66142155  1.4051599   3.94633994 -1.57108775 -0.26547963] to [1.2631291490505638, -0.975107778555979, 1.7498389222513564, 3.9376575682173875, -1.5707963029159246, -0.307667178875985]
2025-03-03 00:48:35 - root - INFO - MovingJ ur5e_2 from [ 1.30130932 -0.66142155  1.4051599   3.94633994 -1.57108775 -0.26547963] to [1.2631291490505638, -0.975107778555979, 1.7498389222513564, 3.9376575682173875, -1.5707963029159246, -0.307667178875985]
2025-03-03 00:48:38 - root - WARNING - Movement for ur5e_2 timed out before reaching the target joints.
2025-03-03 00:48:38 - root - INFO - put down block at (-0.7, -0.7) start_height 0.2
2025-03-03 00:48:38 - root - INFO - Planning and moving to xyz facing down ur5e_2 from [ 1.26314142 -0.97067562  1.75114733  3.93820594 -1.57079712 -0.30765412] to [1.2631280763714536, -1.0537420375462563, 1.7187184928774406, 4.047411383794514, -1.5707962385649163, -0.30766824535737547] target: [-0.7, -0.7, 0.2]
2025-03-03 00:48:38 - root - INFO - Planning and movingJ ur5e_2 from [ 1.26314142 -0.97067562  1.75114733  3.93820594 -1.57079712 -0.30765412] to [1.2631280763714536, -1.0537420375462563, 1.7187184928774406, 4.047411383794514, -1.5707962385649163, -0.30766824535737547]
2025-03-03 00:48:38 - root - INFO - MovingJ ur5e_2 from [ 1.26314142 -0.97067562  1.75114733  3.93820594 -1.57079712 -0.30765412] to [1.2631280763714536, -1.0537420375462563, 1.7187184928774406, 4.047411383794514, -1.5707962385649163, -0.30766824535737547]
2025-03-03 00:48:38 - root - INFO - MovingL ur5e_2 from [-0.70003658 -0.70009615  0.18276071] to [-0.7        -0.7         0.08978449]
2025-03-03 00:48:40 - root - INFO - MovingJ ur5e_2 from [ 1.26311743 -0.86391043  1.7700874   3.82713099 -1.57079631 -0.30766425] to [ 1.26313889 -1.02776802  1.7286956   4.0186857  -1.57079675 -0.30766011]
2025-03-03 00:48:41 - root - INFO - pick up block at (-0.7, -0.7) start_height 0.13
2025-03-03 00:48:41 - root - INFO - Planning and moving to xyz facing down ur5e_2 from [ 1.26314954 -0.94079886  1.75081175  3.92230204 -1.5707963  -0.30766425] to [1.2631313856939443, -0.9409101444076081, 1.7580402107916313, 3.895262600315401, -1.5707964363379154, -0.30766493313846627] target: [-0.7, -0.7, 0.13]
2025-03-03 00:48:41 - root - INFO - Planning and movingJ ur5e_2 from [ 1.26314954 -0.94079886  1.75081175  3.92230204 -1.5707963  -0.30766425] to [1.2631313856939443, -0.9409101444076081, 1.7580402107916313, 3.895262600315401, -1.5707964363379154, -0.30766493313846627]
2025-03-03 00:48:41 - root - INFO - MovingJ ur5e_2 from [ 1.26314954 -0.94079886  1.75081175  3.92230204 -1.5707963  -0.30766425] to [1.2631313856939443, -0.9409101444076081, 1.7580402107916313, 3.895262600315401, -1.5707964363379154, -0.30766493313846627]
2025-03-03 00:48:41 - root - INFO - MovingL ur5e_2 from [-0.70000323 -0.69996914  0.12976568] to [-0.7  -0.7   0.03]
2025-03-03 00:48:46 - root - INFO - MovingJ ur5e_2 from [ 1.26333732 -0.74516196  1.76053841  3.69786642 -1.57057912 -0.30767188] to [ 1.26314961 -0.94058239  1.75087925  3.9223286  -1.5707963  -0.30766425]
2025-03-03 00:48:47 - root - INFO - Planning and moving to xyz facing down ur5e_2 from [ 1.26337642 -0.85212573  1.76182563  3.82752822 -1.57057855 -0.30767195] to [1.263128717617251, -1.1214881454655865, 1.6726356460265717, 4.161240946438519, -1.5707962763328298, -0.3076676241503666] target: [-0.7, -0.7, 0.25]
2025-03-03 00:48:47 - root - INFO - Planning and movingJ ur5e_2 from [ 1.26337642 -0.85212573  1.76182563  3.82752822 -1.57057855 -0.30767195] to [1.263128717617251, -1.1214881454655865, 1.6726356460265717, 4.161240946438519, -1.5707962763328298, -0.3076676241503666]
2025-03-03 00:48:47 - root - INFO - MovingJ ur5e_2 from [ 1.26337642 -0.85212573  1.76182563  3.82752822 -1.57057855 -0.30767195] to [1.263128717617251, -1.1214881454655865, 1.6726356460265717, 4.161240946438519, -1.5707962763328298, -0.3076676241503666]
2025-03-03 00:48:50 - root - WARNING - Movement for ur5e_2 timed out before reaching the target joints.
2025-03-03 00:48:50 - root - INFO - put down block at (-0.7, -0.7) start_height 0.3
2025-03-03 00:48:50 - root - INFO - Planning and moving to xyz facing down ur5e_2 from [ 1.26313    -1.11747162  1.67432599  4.16166883 -1.57079562 -0.30766764] to [1.2631278847027247, -1.1773012406945034, 1.6117732594390286, 4.277915780133464, -1.5707962267573239, -0.3076684390665058] target: [-0.7, -0.7, 0.3]
2025-03-03 00:48:50 - root - INFO - Planning and movingJ ur5e_2 from [ 1.26313    -1.11747162  1.67432599  4.16166883 -1.57079562 -0.30766764] to [1.2631278847027247, -1.1773012406945034, 1.6117732594390286, 4.277915780133464, -1.5707962267573239, -0.3076684390665058]
2025-03-03 00:48:50 - root - INFO - MovingJ ur5e_2 from [ 1.26313    -1.11747162  1.67432599  4.16166883 -1.57079562 -0.30766764] to [1.2631278847027247, -1.1773012406945034, 1.6117732594390286, 4.277915780133464, -1.5707962267573239, -0.3076684390665058]
2025-03-03 00:48:51 - root - INFO - MovingL ur5e_2 from [-0.6998785  -0.69961338  0.28306347] to [-0.7        -0.7         0.06978449]
2025-03-03 00:48:54 - root - INFO - MovingJ ur5e_2 from [ 1.26311459 -0.82598747  1.77150061  3.78791198 -1.57079629 -0.30766631] to [ 1.26313155 -1.15820249  1.62967728  4.2479609  -1.57079588 -0.30766798]
2025-03-03 00:48:55 - root - INFO - pick up block at (-0.7, -0.8) start_height 0.13
2025-03-03 00:48:55 - root - INFO - Planning and moving to xyz facing down ur5e_2 from [ 1.2631878  -1.08534505  1.66050978  4.15338302 -1.57079622 -0.30766655] to [1.204888933255069, -1.101755139320051, 2.063366423731981, 3.7507774899730153, -1.5707962987786894, -0.36590740176548936] target: [-0.7, -0.8, 0.13]
2025-03-03 00:48:55 - root - INFO - Planning and movingJ ur5e_2 from [ 1.2631878  -1.08534505  1.66050978  4.15338302 -1.57079622 -0.30766655] to [1.204888933255069, -1.101755139320051, 2.063366423731981, 3.7507774899730153, -1.5707962987786894, -0.36590740176548936]
2025-03-03 00:48:55 - root - INFO - MovingJ ur5e_2 from [ 1.2631878  -1.08534505  1.66050978  4.15338302 -1.57079622 -0.30766655] to [1.204888933255069, -1.101755139320051, 2.063366423731981, 3.7507774899730153, -1.5707962987786894, -0.36590740176548936]
2025-03-03 00:48:56 - root - INFO - MovingL ur5e_2 from [-0.69924928 -0.7920692   0.1334551 ] to [-0.7  -0.8   0.03]
2025-03-03 00:49:00 - root - INFO - MovingJ ur5e_2 from [ 1.2043117  -0.86143407  2.06745202  3.50595669 -1.57086121 -0.36592838] to [ 1.20896473 -1.09693538  2.03643473  3.77947953 -1.57079784 -0.36183613]
2025-03-03 00:49:01 - root - INFO - Planning and moving to xyz facing down ur5e_2 from [ 1.20436235 -1.01002712  2.04838765  3.68450124 -1.57086119 -0.36592838] to [1.263123365969407, -1.220428055035516, 1.5361119294650645, 4.396699734422005, -1.570795951123515, -0.3076729847882367] target: [-0.7, -0.7, 0.35]
2025-03-03 00:49:01 - root - INFO - Planning and movingJ ur5e_2 from [ 1.20436235 -1.01002712  2.04838765  3.68450124 -1.57086119 -0.36592838] to [1.263123365969407, -1.220428055035516, 1.5361119294650645, 4.396699734422005, -1.570795951123515, -0.3076729847882367]
2025-03-03 00:49:01 - root - INFO - MovingJ ur5e_2 from [ 1.20436235 -1.01002712  2.04838765  3.68450124 -1.57086119 -0.36592838] to [1.263123365969407, -1.220428055035516, 1.5361119294650645, 4.396699734422005, -1.570795951123515, -0.3076729847882367]
2025-03-03 00:49:06 - root - WARNING - Movement for ur5e_2 timed out before reaching the target joints.
2025-03-03 00:49:06 - root - INFO - put down block at (-0.7, -0.7) start_height 0.39999999999999997
2025-03-03 00:49:06 - root - INFO - Planning and moving to xyz facing down ur5e_2 from [ 1.26312334 -1.21680053  1.53794935  4.39724514 -1.57079595 -0.30767302] to [1.2631275352417353, -1.2502038365863122, 1.4450306689210803, 4.517560717882522, -1.5707962054493305, -0.3076687899178691] target: [-0.7, -0.7, 0.39999999999999997]
2025-03-03 00:49:06 - root - INFO - Planning and movingJ ur5e_2 from [ 1.26312334 -1.21680053  1.53794935  4.39724514 -1.57079595 -0.30767302] to [1.2631275352417353, -1.2502038365863122, 1.4450306689210803, 4.517560717882522, -1.5707962054493305, -0.3076687899178691]
2025-03-03 00:49:06 - root - INFO - MovingJ ur5e_2 from [ 1.26312334 -1.21680053  1.53794935  4.39724514 -1.57079595 -0.30767302] to [1.2631275352417353, -1.2502038365863122, 1.4450306689210803, 4.517560717882522, -1.5707962054493305, -0.3076687899178691]
2025-03-03 00:49:07 - root - INFO - MovingL ur5e_2 from [-0.69971507 -0.69910929  0.38380814] to [-0.7        -0.7         0.08978449]
2025-03-03 00:49:10 - root - INFO - MovingJ ur5e_2 from [ 1.26311489 -0.86423039  1.76966185  3.8278771  -1.57079631 -0.30766643] to [ 1.26312656 -1.23867417  1.46984606  4.48809292 -1.57079607 -0.30767111]
2025-03-03 00:49:11 - root - INFO - pick up block at (-0.7, -0.9) start_height 0.13
2025-03-03 00:49:11 - root - INFO - Planning and moving to xyz facing down ur5e_2 from [ 1.26319266 -1.1794241   1.51597105  4.39101334 -1.57079624 -0.30766747] to [1.1193424675380743, -1.2587090529447704, 2.344798521777953, 3.6262952232743446, -1.5707958234433625, -0.45145428576487745] target: [-0.7, -0.9, 0.13]
2025-03-03 00:49:11 - root - INFO - Planning and movingJ ur5e_2 from [ 1.26319266 -1.1794241   1.51597105  4.39101334 -1.57079624 -0.30766747] to [1.1193424675380743, -1.2587090529447704, 2.344798521777953, 3.6262952232743446, -1.5707958234433625, -0.45145428576487745]
2025-03-03 00:49:11 - root - INFO - MovingJ ur5e_2 from [ 1.26319266 -1.1794241   1.51597105  4.39101334 -1.57079624 -0.30766747] to [1.1193424675380743, -1.2587090529447704, 2.344798521777953, 3.6262952232743446, -1.5707958234433625, -0.45145428576487745]
2025-03-03 00:49:13 - root - INFO - MovingL ur5e_2 from [-0.69801755 -0.89088981  0.13306347] to [-0.7  -0.9   0.03]
2025-03-03 00:49:15 - root - INFO - MovingJ ur5e_2 from [ 1.11859785 -0.94213939  2.34936102  3.30249615 -1.57085972 -0.45141039] to [ 1.12453994 -1.25302217  2.31598996  3.65442384 -1.57079828 -0.4462723 ]
2025-03-03 00:49:16 - root - INFO - Planning and moving to xyz facing down ur5e_2 from [ 1.11866472 -1.16313246  2.32612627  3.55749041 -1.57086499 -0.45141039] to [1.2631241308883334, -1.2661053005701002, 1.3376138547876297, 4.6408762429001245, -1.5707959876571502, -0.3076721019296869] target: [-0.7, -0.7, 0.45000000000000007]
2025-03-03 00:49:16 - root - INFO - Planning and movingJ ur5e_2 from [ 1.11866472 -1.16313246  2.32612627  3.55749041 -1.57086499 -0.45141039] to [1.2631241308883334, -1.2661053005701002, 1.3376138547876297, 4.6408762429001245, -1.5707959876571502, -0.3076721019296869]
2025-03-03 00:49:16 - root - INFO - MovingJ ur5e_2 from [ 1.11866472 -1.16313246  2.32612627  3.55749041 -1.57086499 -0.45141039] to [1.2631241308883334, -1.2661053005701002, 1.3376138547876297, 4.6408762429001245, -1.5707959876571502, -0.3076721019296869]
2025-03-03 00:49:22 - root - WARNING - Movement for ur5e_2 timed out before reaching the target joints.
2025-03-03 00:49:22 - root - INFO - put down block at (-0.7, -0.7) start_height 0.5000000000000001
2025-03-03 00:49:22 - root - INFO - Planning and moving to xyz facing down ur5e_2 from [ 1.26312412 -1.26261668  1.339536    4.64142199 -1.57079599 -0.30767211] to [1.2631266735547004, -1.2670513601482374, 1.2112941301994578, 4.768144026631091, -1.5707961532985548, -0.3076696497254009] target: [-0.7, -0.7, 0.5000000000000001]
2025-03-03 00:49:22 - root - INFO - Planning and movingJ ur5e_2 from [ 1.26312412 -1.26261668  1.339536    4.64142199 -1.57079599 -0.30767211] to [1.2631266735547004, -1.2670513601482374, 1.2112941301994578, -1.5150412805484956, -1.5707961532985548, -0.3076696497254009]
2025-03-03 00:49:22 - root - INFO - MovingJ ur5e_2 from [ 1.26312412 -1.26261668  1.339536    4.64142199 -1.57079599 -0.30767211] to [1.2631266735547004, -1.2670513601482374, 1.2112941301994578, -1.5150412805484956, -1.5707961532985548, -0.3076696497254009]
2025-03-03 00:49:25 - root - INFO - MovingL ur5e_2 from [-0.7005112  -0.70161943  0.49323465] to [-0.7        -0.7         0.08978449]
2025-03-03 00:49:30 - root - INFO - MovingJ ur5e_2 from [ 1.26311522 -0.86408059  1.7694503  -2.45524353 -1.57079631 -0.30766646] to [ 1.26312427 -1.26265049  1.21378168 -1.4862532  -1.57079612 -0.30767017]
