2025-03-03 02:30:47 - root - INFO - Logging setup complete for task1
2025-03-03 02:30:48 - root - INFO - Attempting to pick up block at [-0.5, -0.5, 0.03]
2025-03-03 02:30:48 - root - INFO - pick up block at (-0.5, -0.5) start_height 0.13
2025-03-03 02:30:48 - root - INFO - Planning and moving to xyz facing down ur5e_1 from [-1.56417438e+00 -1.56694744e+00 -4.97276278e-04 -1.56588207e+00
  1.05265287e-05 -1.99549302e-06] to [0.5953099548617478, -0.2902056517806025, 0.45462334164798457, 1.4063782255684212, 1.5707962619757705, -0.9754863752328284] target: [-0.5, -0.5, 0.13]
2025-03-03 02:30:48 - root - INFO - Planning and movingJ ur5e_1 from [-1.56417438e+00 -1.56694744e+00 -4.97276278e-04 -1.56588207e+00
  1.05265287e-05 -1.99549302e-06] to [0.5953099548617478, -0.2902056517806025, 0.45462334164798457, 1.4063782255684212, 1.5707962619757705, -0.9754863752328284]
2025-03-03 02:30:48 - root - INFO - MovingJ ur5e_1 from [-1.56417438e+00 -1.56694744e+00 -4.97276278e-04 -1.56588207e+00
  1.05265287e-05 -1.99549302e-06] to [0.5953099548617478, -0.2902056517806025, 0.45462334164798457, 1.4063782255684212, 1.5707962619757705, -0.9754863752328284]
2025-03-03 02:30:51 - root - INFO - MovingL ur5e_1 from [-0.51253048 -0.49279907  0.13193553] to [-0.5  -0.5   0.03]
2025-03-03 02:30:57 - root - INFO - MovingJ ur5e_1 from [ 0.59199139 -0.16153403  0.46461326  1.2778442   1.57115101 -0.97539599] to [ 0.57455503 -0.29596991  0.45185376  1.37685594  1.55545038 -0.96595903]
2025-03-03 02:30:57 - root - WARNING - Failed to pick up block at [-0.5, -0.5, 0.03]
2025-03-03 02:30:57 - root - INFO - Attempting to pick up block at [-0.5, -0.6, 0.03]
2025-03-03 02:30:57 - root - INFO - pick up block at (-0.5, -0.6) start_height 0.13
2025-03-03 02:30:58 - root - INFO - Planning and moving to xyz facing down ur5e_1 from [ 0.5919508  -0.19706925  0.46609307  1.30829088  1.57117814 -0.97539619] to [0.704144987302194, -0.6634745892534664, 1.2114055858520112, -2.118731989211824, -1.5707959330988805, 2.2749413317737663] target: [-0.5, -0.6, 0.13]
2025-03-03 02:30:58 - root - INFO - Planning and movingJ ur5e_1 from [ 0.5919508  -0.19706925  0.46609307  1.30829088  1.57117814 -0.97539619] to [0.704144987302194, -0.6634745892534664, 1.2114055858520112, -2.118731989211824, -1.5707959330988805, 2.2749413317737663]
2025-03-03 02:30:58 - root - INFO - MovingJ ur5e_1 from [ 0.5919508  -0.19706925  0.46609307  1.30829088  1.57117814 -0.97539619] to [0.704144987302194, -0.6634745892534664, 1.2114055858520112, -2.118731989211824, -1.5707959330988805, 2.2749413317737663]
2025-03-03 02:31:02 - root - INFO - MovingL ur5e_1 from [-0.49729822 -0.60024616  0.12169159] to [-0.5  -0.6   0.03]
2025-03-03 02:31:03 - root - INFO - MovingJ ur5e_1 from [ 0.70403346 -0.51421141  1.22138764 -2.25820357 -1.57043169  2.27469972] to [ 0.70320437 -0.65374127  1.20666299 -2.08904075 -1.54405089  2.24725045]
2025-03-03 02:31:04 - root - WARNING - Failed to pick up block at [-0.5, -0.6, 0.03]
2025-03-03 02:31:04 - root - INFO - Attempting to pick up block at [-0.5, -0.7, 0.03]
2025-03-03 02:31:04 - root - INFO - pick up block at (-0.5, -0.7) start_height 0.13
2025-03-03 02:31:04 - root - INFO - Planning and moving to xyz facing down ur5e_1 from [ 0.70403988 -0.56716266  1.22296802 -2.18573687 -1.5592304   2.26304103] to [0.7946020213151999, -0.46152550330002773, 0.804335072054759, -1.9136076816536145, -1.5707961498321361, 2.365398342628297] target: [-0.5, -0.7, 0.13]
2025-03-03 02:31:04 - root - INFO - Planning and movingJ ur5e_1 from [ 0.70403988 -0.56716266  1.22296802 -2.18573687 -1.5592304   2.26304103] to [0.7946020213151999, -0.46152550330002773, 0.804335072054759, -1.9136076816536145, -1.5707961498321361, 2.365398342628297]
2025-03-03 02:31:04 - root - INFO - MovingJ ur5e_1 from [ 0.70403988 -0.56716266  1.22296802 -2.18573687 -1.5592304   2.26304103] to [0.7946020213151999, -0.46152550330002773, 0.804335072054759, -1.9136076816536145, -1.5707961498321361, 2.365398342628297]
2025-03-03 02:31:05 - root - INFO - MovingL ur5e_1 from [-0.50039547 -0.69344304  0.11866087] to [-0.5  -0.7   0.03]
2025-03-03 02:31:10 - root - WARNING - Linear movement for ur5e_1 completed, but target not reached within tolerance after 400 attempts
2025-03-03 02:31:11 - root - INFO - MovingJ ur5e_1 from [ 0.78865199 -0.33472187  0.80382896 -2.05690742 -1.57121163  2.36558385] to [ 0.78874468 -0.46218789  0.83349583 -1.93085101 -1.57003854  2.35871522]
2025-03-03 02:31:11 - root - WARNING - Failed to pick up block at [-0.5, -0.7, 0.03]
2025-03-03 02:31:11 - root - INFO - Attempting to pick up block at [-0.5, -0.8, 0.03]
2025-03-03 02:31:11 - root - INFO - pick up block at (-0.5, -0.8) start_height 0.13
2025-03-03 02:31:15 - root - INFO - Planning and moving to xyz facing down ur5e_1 from [ 0.78845478 -0.36352149  0.81347577 -2.02191963 -1.57125541  2.36558557] to [] target: [-0.5, -0.8, 0.13]
