2025-03-03 02:30:15 - root - INFO - Logging setup complete for task1
2025-03-03 02:30:16 - root - INFO - Attempting to pick up block at [-0.3, -0.5, 0.03]
2025-03-03 02:30:16 - root - INFO - pick up block at (-0.3, -0.5) start_height 0.13
2025-03-03 02:30:16 - root - INFO - Planning and moving to xyz facing down ur5e_1 from [-1.56417438e+00 -1.56694744e+00 -4.97276278e-04 -1.56588207e+00
  1.05265287e-05 -1.99549302e-06] to [-1.880030010954288, -2.118995232407141, -1.9146458914686106, 5.6044389860600745, 1.5707962012639352, -3.4508264478565875] target: [-0.3, -0.5, 0.13]
2025-03-03 02:30:16 - root - INFO - Planning and movingJ ur5e_1 from [-1.56417438e+00 -1.56694744e+00 -4.97276278e-04 -1.56588207e+00
  1.05265287e-05 -1.99549302e-06] to [-1.880030010954288, -2.118995232407141, -1.9146458914686106, -0.6787463211195117, 1.5707962012639352, -3.4508264478565875]
2025-03-03 02:30:16 - root - INFO - MovingJ ur5e_1 from [-1.56417438e+00 -1.56694744e+00 -4.97276278e-04 -1.56588207e+00
  1.05265287e-05 -1.99549302e-06] to [-1.880030010954288, -2.118995232407141, -1.9146458914686106, -0.6787463211195117, 1.5707962012639352, -3.4508264478565875]
2025-03-03 02:30:19 - root - INFO - MovingL ur5e_1 from [-0.30148973 -0.50533526  0.1346878 ] to [-0.3  -0.5   0.03]
2025-03-03 02:30:21 - root - INFO - MovingJ ur5e_1 from [-1.87998344 -2.3288521  -1.92187172 -0.47678598  1.5707233  -3.45064984] to [-1.87737018 -2.11843511 -1.89982227 -0.68683817  1.55752801 -3.42165219]
2025-03-03 02:30:22 - root - WARNING - Failed to pick up block at [-0.3, -0.5, 0.03]
2025-03-03 02:30:22 - root - INFO - Attempting to pick up block at [-0.3, -0.6, 0.03]
2025-03-03 02:30:22 - root - INFO - pick up block at (-0.3, -0.6) start_height 0.13
2025-03-03 02:30:22 - root - INFO - Planning and moving to xyz facing down ur5e_1 from [-1.88002737 -2.21626708 -1.92300283 -0.59455757  1.5707233  -3.43449233] to [-1.8339377445524165, -2.2656680149043105, -1.6317734072104835, -0.814947370822774, 1.5707963057978518, -3.4047340600815095] target: [-0.3, -0.6, 0.13]
2025-03-03 02:30:22 - root - INFO - Planning and movingJ ur5e_1 from [-1.88002737 -2.21626708 -1.92300283 -0.59455757  1.5707233  -3.43449233] to [-1.8339377445524165, -2.2656680149043105, -1.6317734072104835, -0.814947370822774, 1.5707963057978518, -3.4047340600815095]
2025-03-03 02:30:22 - root - INFO - MovingJ ur5e_1 from [-1.88002737 -2.21626708 -1.92300283 -0.59455757  1.5707233  -3.43449233] to [-1.8339377445524165, -2.2656680149043105, -1.6317734072104835, -0.814947370822774, 1.5707963057978518, -3.4047340600815095]
2025-03-03 02:30:23 - root - INFO - MovingL ur5e_1 from [-0.3002998  -0.58995867  0.1209519 ] to [-0.3  -0.6   0.03]
2025-03-03 02:30:24 - root - INFO - MovingJ ur5e_1 from [-1.83423201 -2.44324032 -1.64246547 -0.64417053  1.57079626 -3.40503009] to [-1.83841173 -2.26533101 -1.66159605 -0.79392854  1.57077461 -3.40764239]
2025-03-03 02:30:25 - root - WARNING - Failed to pick up block at [-0.3, -0.6, 0.03]
2025-03-03 02:30:25 - root - INFO - Attempting to pick up block at [-0.3, -0.7, 0.03]
2025-03-03 02:30:25 - root - INFO - pick up block at (-0.3, -0.7) start_height 0.13
2025-03-03 02:30:25 - root - INFO - Planning and moving to xyz facing down ur5e_1 from [-1.83426221 -2.36257953 -1.64378316 -0.71716022  1.57079625 -3.40503009] to [-1.799344406656069, -2.436933986730612, -1.2936174712825308, -0.9818371130479168, 1.5707962878317319, -3.370140724711688] target: [-0.3, -0.7, 0.13]
2025-03-03 02:30:25 - root - INFO - Planning and movingJ ur5e_1 from [-1.83426221 -2.36257953 -1.64378316 -0.71716022  1.57079625 -3.40503009] to [-1.799344406656069, -2.436933986730612, -1.2936174712825308, -0.9818371130479168, 1.5707962878317319, -3.370140724711688]
2025-03-03 02:30:25 - root - INFO - MovingJ ur5e_1 from [-1.83426221 -2.36257953 -1.64378316 -0.71716022  1.57079625 -3.40503009] to [-1.799344406656069, -2.436933986730612, -1.2936174712825308, -0.9818371130479168, 1.5707962878317319, -3.370140724711688]
2025-03-03 02:30:26 - root - INFO - MovingL ur5e_1 from [-0.3002168  -0.69200389  0.12008297] to [-0.3  -0.7   0.03]
2025-03-03 02:30:28 - root - INFO - MovingJ ur5e_1 from [-1.79955704 -2.59043894 -1.30573238 -0.83610602  1.57079644 -3.37036994] to [-1.80207043 -2.43638092 -1.32287083 -0.96144486  1.57079735 -3.3728979 ]
2025-03-03 02:30:28 - root - WARNING - Failed to pick up block at [-0.3, -0.7, 0.03]
2025-03-03 02:30:28 - root - INFO - Attempting to pick up block at [-0.3, -0.8, 0.03]
2025-03-03 02:30:28 - root - INFO - pick up block at (-0.3, -0.8) start_height 0.13
2025-03-03 02:30:28 - root - INFO - Planning and moving to xyz facing down ur5e_1 from [-1.7995756  -2.53458509 -1.3072283  -0.88698869  1.57079643 -3.37036994] to [-1.7725489706561162, -2.6622717511864424, -0.8404396232386435, -1.2096758574642863, 1.570796161624678, -3.343345294313257] target: [-0.3, -0.8, 0.13]
2025-03-03 02:30:28 - root - INFO - Planning and movingJ ur5e_1 from [-1.7995756  -2.53458509 -1.3072283  -0.88698869  1.57079643 -3.37036994] to [-1.7725489706561162, -2.6622717511864424, -0.8404396232386435, -1.2096758574642863, 1.570796161624678, -3.343345294313257]
2025-03-03 02:30:28 - root - INFO - MovingJ ur5e_1 from [-1.7995756  -2.53458509 -1.3072283  -0.88698869  1.57079643 -3.37036994] to [-1.7725489706561162, -2.6622717511864424, -0.8404396232386435, -1.2096758574642863, 1.570796161624678, -3.343345294313257]
2025-03-03 02:30:29 - root - INFO - MovingL ur5e_1 from [-0.30018022 -0.79448005  0.11941359] to [-0.3  -0.8   0.03]
2025-03-03 02:30:31 - root - INFO - MovingJ ur5e_1 from [-1.77269321 -2.79665899 -0.85562273 -1.08248012  1.57079638 -3.34350184] to [-1.77408057 -2.66107984 -0.86927932 -1.19152736  1.57079707 -3.34490938]
2025-03-03 02:30:31 - root - WARNING - Failed to pick up block at [-0.3, -0.8, 0.03]
