2025-03-03 16:38:02 - root - INFO - Logging setup complete for task2
2025-03-03 16:38:03 - root - INFO - pick up block at (-0.5, -0.6) start_height 0.13
2025-03-03 16:38:03 - root - INFO - Planning and moving to xyz facing down ur5e_2 from [-1.56417438e+00 -1.56694744e+00 -4.97276278e-04 -1.56588207e+00
  1.05265287e-05 -1.99549302e-06] to [1.0553632588386008, -0.6766160035955983, 1.2376666563063803, -2.131848019313424, -1.5707961952214786, -0.5154330637794626] target: [-0.5, -0.6, 0.13]
2025-03-03 16:38:03 - root - INFO - Planning and movingJ ur5e_2 from [-1.56417438e+00 -1.56694744e+00 -4.97276278e-04 -1.56588207e+00
  1.05265287e-05 -1.99549302e-06] to [1.0553632588386008, -0.6766160035955983, 1.2376666563063803, -2.131848019313424, -1.5707961952214786, -0.5154330637794626]
2025-03-03 16:38:03 - root - INFO - MovingJ ur5e_2 from [-1.56417438e+00 -1.56694744e+00 -4.97276278e-04 -1.56588207e+00
  1.05265287e-05 -1.99549302e-06] to [1.0553632588386008, -0.6766160035955983, 1.2376666563063803, -2.131848019313424, -1.5707961952214786, -0.5154330637794626]
2025-03-03 16:38:06 - root - INFO - MovingL ur5e_2 from [-0.47908924 -0.60418665  0.13753365] to [-0.5  -0.6   0.03]
2025-03-03 16:38:10 - root - INFO - MovingJ ur5e_2 from [ 1.05445111 -0.52053672  1.24196556 -2.28681339 -1.5705662  -0.51534181] to [ 1.02674507 -0.68057933  1.22574156 -2.12498515 -1.55342806 -0.50973614]
2025-03-03 16:38:11 - root - INFO - Planning and moving to xyz facing down ur5e_1 from [-1.56417424e+00 -1.56645799e+00 -3.64604846e-04 -1.56580254e+00
 -1.37331814e-05 -1.99617967e-06] to [0.46453865265627536, -0.5523362014929872, 0.9325626694716604, 1.1905698205039157, 1.5707948013472683, -1.106258457423359] target: [-0.5, -0.4, 0.15]
2025-03-03 16:38:11 - root - INFO - Planning and movingJ ur5e_1 from [-1.56417424e+00 -1.56645799e+00 -3.64604846e-04 -1.56580254e+00
 -1.37331814e-05 -1.99617967e-06] to [0.46453865265627536, -0.5523362014929872, 0.9325626694716604, 1.1905698205039157, 1.5707948013472683, -1.106258457423359]
2025-03-03 16:38:11 - root - INFO - MovingJ ur5e_1 from [-1.56417424e+00 -1.56645799e+00 -3.64604846e-04 -1.56580254e+00
 -1.37331814e-05 -1.99617967e-06] to [0.46453865265627536, -0.5523362014929872, 0.9325626694716604, 1.1905698205039157, 1.5707948013472683, -1.106258457423359]
2025-03-03 16:38:22 - root - WARNING - Movement for ur5e_1 timed out before reaching the target joints.
2025-03-03 16:38:22 - root - INFO - pick up block at (-0.5, -0.4) start_height 0.25
2025-03-03 16:38:22 - root - INFO - Planning and moving to xyz facing down ur5e_1 from [ 0.46453865 -0.54645539  0.93403103  1.19002188  1.5707948  -1.10625846] to [0.46454083958073494, -0.638728575974946, 0.8336229350328022, 1.3759015036387634, 1.5707962499336574, -1.1062554957946162] target: [-0.5, -0.4, 0.25]
2025-03-03 16:38:22 - root - INFO - Planning and movingJ ur5e_1 from [ 0.46453865 -0.54645539  0.93403103  1.19002188  1.5707948  -1.10625846] to [0.46454083958073494, -0.638728575974946, 0.8336229350328022, 1.3759015036387634, 1.5707962499336574, -1.1062554957946162]
2025-03-03 16:38:22 - root - INFO - MovingJ ur5e_1 from [ 0.46453865 -0.54645539  0.93403103  1.19002188  1.5707948  -1.10625846] to [0.46454083958073494, -0.638728575974946, 0.8336229350328022, 1.3759015036387634, 1.5707962499336574, -1.1062554957946162]
2025-03-03 16:38:23 - root - INFO - MovingL ur5e_1 from [-0.50101168 -0.40050864  0.23010729] to [-0.5  -0.4   0.15]
2025-03-03 16:38:24 - root - INFO - MovingJ ur5e_1 from [ 0.4645422  -0.54389076  0.9303616   1.20152401  1.57079643 -1.1062508 ] to [ 0.46454435 -0.61920054  0.85041164  1.34698734  1.57079566 -1.1062567 ]
2025-03-03 16:38:27 - root - INFO - Planning and moving to xyz facing down ur5e_1 from [ 0.46454999 -0.56344196  0.90478349  1.2502901   1.57079643 -1.1062508 ] to [] target: [-0.7, -0.8, 0.15]
