2025-03-03 00:41:40 - root - INFO - Logging setup complete for task1
2025-03-03 00:41:41 - root - INFO - pick up block at (-0.7, -0.6) start_height 0.13
2025-03-03 00:41:41 - root - INFO - Planning and moving to xyz facing down ur5e_2 from [-1.56417438e+00 -1.56694744e+00 -4.97276278e-04 -1.56588207e+00
  1.05265287e-05 -1.99549302e-06] to [-4.977827988291231, -0.7628258725425754, 1.4091988750262476, 4.0660155731385705, -1.5707962869948413, -0.2654390172864305] target: [-0.7, -0.6, 0.13]
2025-03-03 00:41:41 - root - INFO - Planning and movingJ ur5e_2 from [-1.56417438e+00 -1.56694744e+00 -4.97276278e-04 -1.56588207e+00
  1.05265287e-05 -1.99549302e-06] to [1.3053573188883556, -0.7628258725425754, 1.4091988750262476, 4.0660155731385705, -1.5707962869948413, -0.2654390172864305]
2025-03-03 00:41:41 - root - INFO - MovingJ ur5e_2 from [-1.56417438e+00 -1.56694744e+00 -4.97276278e-04 -1.56588207e+00
  1.05265287e-05 -1.99549302e-06] to [1.3053573188883556, -0.7628258725425754, 1.4091988750262476, 4.0660155731385705, -1.5707962869948413, -0.2654390172864305]
2025-03-03 00:41:45 - root - INFO - MovingL ur5e_2 from [-0.68863554 -0.5962313   0.13445017] to [-0.7  -0.6   0.03]
2025-03-03 00:41:51 - root - WARNING - Linear movement for ur5e_2 completed, but target not reached within tolerance after 400 attempts
2025-03-03 00:41:51 - root - INFO - MovingJ ur5e_2 from [ 1.30144255 -0.61250809  1.40393002  3.89373645 -1.5710494  -0.26547404] to [ 1.29048043 -0.76161398  1.40344874  4.03708466 -1.56255149 -0.26404694]
2025-03-03 00:41:52 - root - INFO - Planning and moving to xyz facing down ur5e_2 from [ 1.30130923 -0.66142295  1.40515943  3.94633884 -1.57108777 -0.26547965] to [1.2631291490557885, -0.975107778534451, 1.7498389222065354, 3.937657568243302, -1.570796302916136, -0.3076671788706315] target: [-0.7, -0.7, 0.15]
2025-03-03 00:41:52 - root - INFO - Planning and movingJ ur5e_2 from [ 1.30130923 -0.66142295  1.40515943  3.94633884 -1.57108777 -0.26547965] to [1.2631291490557885, -0.975107778534451, 1.7498389222065354, 3.937657568243302, -1.570796302916136, -0.3076671788706315]
2025-03-03 00:41:52 - root - INFO - MovingJ ur5e_2 from [ 1.30130923 -0.66142295  1.40515943  3.94633884 -1.57108777 -0.26547965] to [1.2631291490557885, -0.975107778534451, 1.7498389222065354, 3.937657568243302, -1.570796302916136, -0.3076671788706315]
2025-03-03 00:41:55 - root - WARNING - Movement for ur5e_2 timed out before reaching the target joints.
2025-03-03 00:41:55 - root - INFO - put down block at (-0.7, -0.7) start_height 0.2
2025-03-03 00:41:55 - root - INFO - Planning and moving to xyz facing down ur5e_2 from [ 1.26314142 -0.97067562  1.75114733  3.93820594 -1.57079712 -0.30765412] to [1.2631280763714658, -1.05374203754619, 1.718718492877314, 4.04741138379458, -1.570796238564917, -0.30766824535736353] target: [-0.7, -0.7, 0.2]
2025-03-03 00:41:55 - root - INFO - Planning and movingJ ur5e_2 from [ 1.26314142 -0.97067562  1.75114733  3.93820594 -1.57079712 -0.30765412] to [1.2631280763714658, -1.05374203754619, 1.718718492877314, 4.04741138379458, -1.570796238564917, -0.30766824535736353]
2025-03-03 00:41:55 - root - INFO - MovingJ ur5e_2 from [ 1.26314142 -0.97067562  1.75114733  3.93820594 -1.57079712 -0.30765412] to [1.2631280763714658, -1.05374203754619, 1.718718492877314, 4.04741138379458, -1.570796238564917, -0.30766824535736353]
2025-03-03 00:41:55 - root - INFO - MovingL ur5e_2 from [-0.70003658 -0.70009615  0.18276071] to [-0.7        -0.7         0.08978449]
2025-03-03 00:41:57 - root - INFO - MovingJ ur5e_2 from [ 1.26311743 -0.86391043  1.7700874   3.82713099 -1.57079631 -0.30766425] to [ 1.26313889 -1.02776802  1.7286956   4.0186857  -1.57079675 -0.30766011]
2025-03-03 00:41:58 - root - INFO - pick up block at (-0.7, -0.7) start_height 0.13
2025-03-03 00:41:58 - root - INFO - Planning and moving to xyz facing down ur5e_2 from [ 1.26314954 -0.94079886  1.75081175  3.92230204 -1.5707963  -0.30766425] to [1.2631313856939421, -0.9409101444076322, 1.7580402107916417, 3.895262600315414, -1.5707964363379152, -0.30766493313846865] target: [-0.7, -0.7, 0.13]
2025-03-03 00:41:58 - root - INFO - Planning and movingJ ur5e_2 from [ 1.26314954 -0.94079886  1.75081175  3.92230204 -1.5707963  -0.30766425] to [1.2631313856939421, -0.9409101444076322, 1.7580402107916417, 3.895262600315414, -1.5707964363379152, -0.30766493313846865]
2025-03-03 00:41:58 - root - INFO - MovingJ ur5e_2 from [ 1.26314954 -0.94079886  1.75081175  3.92230204 -1.5707963  -0.30766425] to [1.2631313856939421, -0.9409101444076322, 1.7580402107916417, 3.895262600315414, -1.5707964363379152, -0.30766493313846865]
2025-03-03 00:41:58 - root - INFO - MovingL ur5e_2 from [-0.70000323 -0.69996914  0.12976568] to [-0.7  -0.7   0.03]
2025-03-03 00:42:03 - root - INFO - MovingJ ur5e_2 from [ 1.26333732 -0.74516196  1.76053841  3.69786642 -1.57057912 -0.30767188] to [ 1.26314961 -0.94058239  1.75087925  3.9223286  -1.5707963  -0.30766425]
2025-03-03 00:42:04 - root - INFO - Planning and moving to xyz facing down ur5e_2 from [ 1.26337642 -0.85212573  1.76182563  3.82752822 -1.57057855 -0.30767195] to [1.263128717617251, -1.1214881454655854, 1.6726356460265703, 4.16124094643852, -1.5707962763328298, -0.3076676241503666] target: [-0.7, -0.7, 0.25]
2025-03-03 00:42:04 - root - INFO - Planning and movingJ ur5e_2 from [ 1.26337642 -0.85212573  1.76182563  3.82752822 -1.57057855 -0.30767195] to [1.263128717617251, -1.1214881454655854, 1.6726356460265703, 4.16124094643852, -1.5707962763328298, -0.3076676241503666]
2025-03-03 00:42:04 - root - INFO - MovingJ ur5e_2 from [ 1.26337642 -0.85212573  1.76182563  3.82752822 -1.57057855 -0.30767195] to [1.263128717617251, -1.1214881454655854, 1.6726356460265703, 4.16124094643852, -1.5707962763328298, -0.3076676241503666]
2025-03-03 00:42:07 - root - WARNING - Movement for ur5e_2 timed out before reaching the target joints.
2025-03-03 00:42:07 - root - INFO - put down block at (-0.7, -0.7) start_height 0.3
2025-03-03 00:42:07 - root - INFO - Planning and moving to xyz facing down ur5e_2 from [ 1.26313    -1.11747162  1.67432599  4.16166883 -1.57079562 -0.30766764] to [1.2631278847027247, -1.1773012406945036, 1.6117732594390288, 4.277915780133464, -1.5707962267573239, -0.30766843906650587] target: [-0.7, -0.7, 0.3]
2025-03-03 00:42:07 - root - INFO - Planning and movingJ ur5e_2 from [ 1.26313    -1.11747162  1.67432599  4.16166883 -1.57079562 -0.30766764] to [1.2631278847027247, -1.1773012406945036, 1.6117732594390288, 4.277915780133464, -1.5707962267573239, -0.30766843906650587]
2025-03-03 00:42:07 - root - INFO - MovingJ ur5e_2 from [ 1.26313    -1.11747162  1.67432599  4.16166883 -1.57079562 -0.30766764] to [1.2631278847027247, -1.1773012406945036, 1.6117732594390288, 4.277915780133464, -1.5707962267573239, -0.30766843906650587]
2025-03-03 00:42:08 - root - INFO - MovingL ur5e_2 from [-0.6998785  -0.69961338  0.28306347] to [-0.7        -0.7         0.06978449]
2025-03-03 00:42:11 - root - INFO - MovingJ ur5e_2 from [ 1.26311459 -0.82598747  1.77150061  3.78791198 -1.57079629 -0.30766631] to [ 1.26313155 -1.15820249  1.62967728  4.2479609  -1.57079588 -0.30766798]
2025-03-03 00:42:12 - root - INFO - pick up block at (-0.7, -0.8) start_height 0.13
2025-03-03 00:42:12 - root - INFO - Planning and moving to xyz facing down ur5e_2 from [ 1.2631878  -1.08534505  1.66050978  4.15338302 -1.57079622 -0.30766655] to [1.2048889332550692, -1.1017551393200509, 2.0633664237319804, 3.7507774899730157, -1.5707962987786894, -0.36590740176548925] target: [-0.7, -0.8, 0.13]
2025-03-03 00:42:12 - root - INFO - Planning and movingJ ur5e_2 from [ 1.2631878  -1.08534505  1.66050978  4.15338302 -1.57079622 -0.30766655] to [1.2048889332550692, -1.1017551393200509, 2.0633664237319804, 3.7507774899730157, -1.5707962987786894, -0.36590740176548925]
2025-03-03 00:42:12 - root - INFO - MovingJ ur5e_2 from [ 1.2631878  -1.08534505  1.66050978  4.15338302 -1.57079622 -0.30766655] to [1.2048889332550692, -1.1017551393200509, 2.0633664237319804, 3.7507774899730157, -1.5707962987786894, -0.36590740176548925]
2025-03-03 00:42:13 - root - INFO - MovingL ur5e_2 from [-0.69924928 -0.7920692   0.1334551 ] to [-0.7  -0.8   0.03]
2025-03-03 00:42:17 - root - INFO - MovingJ ur5e_2 from [ 1.2043117  -0.86143407  2.06745202  3.50595669 -1.57086121 -0.36592838] to [ 1.20896473 -1.09693538  2.03643473  3.77947953 -1.57079784 -0.36183613]
2025-03-03 00:42:17 - root - INFO - Planning and moving to xyz facing down ur5e_2 from [ 1.20436235 -1.01002712  2.04838765  3.68450124 -1.57086119 -0.36592838] to [1.2631233659694086, -1.2204280550355084, 1.5361119294650492, 4.396699734422014, -1.570795951123515, -0.3076729847882351] target: [-0.7, -0.7, 0.35]
2025-03-03 00:42:17 - root - INFO - Planning and movingJ ur5e_2 from [ 1.20436235 -1.01002712  2.04838765  3.68450124 -1.57086119 -0.36592838] to [1.2631233659694086, -1.2204280550355084, 1.5361119294650492, 4.396699734422014, -1.570795951123515, -0.3076729847882351]
2025-03-03 00:42:17 - root - INFO - MovingJ ur5e_2 from [ 1.20436235 -1.01002712  2.04838765  3.68450124 -1.57086119 -0.36592838] to [1.2631233659694086, -1.2204280550355084, 1.5361119294650492, 4.396699734422014, -1.570795951123515, -0.3076729847882351]
2025-03-03 00:42:23 - root - WARNING - Movement for ur5e_2 timed out before reaching the target joints.
2025-03-03 00:42:23 - root - INFO - put down block at (-0.7, -0.7) start_height 0.39999999999999997
2025-03-03 00:42:23 - root - INFO - Planning and moving to xyz facing down ur5e_2 from [ 1.26312334 -1.21680053  1.53794935  4.39724514 -1.57079595 -0.30767302] to [1.2631275352417353, -1.2502038365863122, 1.4450306689210803, 4.517560717882522, -1.5707962054493305, -0.3076687899178691] target: [-0.7, -0.7, 0.39999999999999997]
2025-03-03 00:42:23 - root - INFO - Planning and movingJ ur5e_2 from [ 1.26312334 -1.21680053  1.53794935  4.39724514 -1.57079595 -0.30767302] to [1.2631275352417353, -1.2502038365863122, 1.4450306689210803, 4.517560717882522, -1.5707962054493305, -0.3076687899178691]
2025-03-03 00:42:23 - root - INFO - MovingJ ur5e_2 from [ 1.26312334 -1.21680053  1.53794935  4.39724514 -1.57079595 -0.30767302] to [1.2631275352417353, -1.2502038365863122, 1.4450306689210803, 4.517560717882522, -1.5707962054493305, -0.3076687899178691]
2025-03-03 00:42:24 - root - INFO - MovingL ur5e_2 from [-0.69971507 -0.69910929  0.38380814] to [-0.7        -0.7         0.08978449]
2025-03-03 00:42:28 - root - INFO - MovingJ ur5e_2 from [ 1.26311489 -0.86423039  1.76966185  3.8278771  -1.57079631 -0.30766643] to [ 1.26312656 -1.23867417  1.46984606  4.48809292 -1.57079607 -0.30767111]
2025-03-03 00:42:29 - root - INFO - pick up block at (-0.7, -0.9) start_height 0.13
2025-03-03 00:42:29 - root - INFO - Planning and moving to xyz facing down ur5e_2 from [ 1.26319266 -1.1794241   1.51597105  4.39101334 -1.57079624 -0.30766747] to [1.1193424675380743, -1.2587090529447702, 2.344798521777952, 3.6262952232743446, -1.5707958234433625, -0.4514542857648774] target: [-0.7, -0.9, 0.13]
2025-03-03 00:42:29 - root - INFO - Planning and movingJ ur5e_2 from [ 1.26319266 -1.1794241   1.51597105  4.39101334 -1.57079624 -0.30766747] to [1.1193424675380743, -1.2587090529447702, 2.344798521777952, 3.6262952232743446, -1.5707958234433625, -0.4514542857648774]
2025-03-03 00:42:29 - root - INFO - MovingJ ur5e_2 from [ 1.26319266 -1.1794241   1.51597105  4.39101334 -1.57079624 -0.30766747] to [1.1193424675380743, -1.2587090529447702, 2.344798521777952, 3.6262952232743446, -1.5707958234433625, -0.4514542857648774]
2025-03-03 00:42:31 - root - INFO - MovingL ur5e_2 from [-0.69801755 -0.89088981  0.13306347] to [-0.7  -0.9   0.03]
2025-03-03 00:42:34 - root - INFO - MovingJ ur5e_2 from [ 1.1185973  -0.9421399   2.34935956  3.30249511 -1.57085988 -0.45141064] to [ 1.12453994 -1.25302217  2.31598996  3.65442384 -1.57079828 -0.4462723 ]
2025-03-03 00:42:35 - root - INFO - Planning and moving to xyz facing down ur5e_2 from [ 1.11866416 -1.1631326   2.32612585  3.55749011 -1.57086515 -0.45141064] to [1.2631241309088046, -1.2661053004112968, 1.3376138544566298, 4.640876243088098, -1.570795987658473, -0.3076721019096071] target: [-0.7, -0.7, 0.45000000000000007]
2025-03-03 00:42:35 - root - INFO - Planning and movingJ ur5e_2 from [ 1.11866416 -1.1631326   2.32612585  3.55749011 -1.57086515 -0.45141064] to [1.2631241309088046, -1.2661053004112968, 1.3376138544566298, 4.640876243088098, -1.570795987658473, -0.3076721019096071]
2025-03-03 00:42:35 - root - INFO - MovingJ ur5e_2 from [ 1.11866416 -1.1631326   2.32612585  3.55749011 -1.57086515 -0.45141064] to [1.2631241309088046, -1.2661053004112968, 1.3376138544566298, 4.640876243088098, -1.570795987658473, -0.3076721019096071]
2025-03-03 00:42:43 - root - WARNING - Movement for ur5e_2 timed out before reaching the target joints.
2025-03-03 00:42:43 - root - INFO - put down block at (-0.7, -0.7) start_height 0.5000000000000001
2025-03-03 00:42:43 - root - INFO - Planning and moving to xyz facing down ur5e_2 from [ 1.26312412 -1.26261668  1.339536    4.64142199 -1.57079599 -0.30767211] to [1.263126673554708, -1.2670513601481772, 1.211294130199336, 4.768144026631157, -1.5707961532985553, -0.3076696497253934] target: [-0.7, -0.7, 0.5000000000000001]
2025-03-03 00:42:43 - root - INFO - Planning and movingJ ur5e_2 from [ 1.26312412 -1.26261668  1.339536    4.64142199 -1.57079599 -0.30767211] to [1.263126673554708, -1.2670513601481772, 1.211294130199336, -1.515041280548429, -1.5707961532985553, -0.3076696497253934]
2025-03-03 00:42:43 - root - INFO - MovingJ ur5e_2 from [ 1.26312412 -1.26261668  1.339536    4.64142199 -1.57079599 -0.30767211] to [1.263126673554708, -1.2670513601481772, 1.211294130199336, -1.515041280548429, -1.5707961532985553, -0.3076696497253934]
2025-03-03 00:42:47 - root - INFO - MovingL ur5e_2 from [-0.7005112  -0.70161943  0.49323465] to [-0.7        -0.7         0.08978449]
2025-03-03 00:42:53 - root - INFO - MovingJ ur5e_2 from [ 1.26311522 -0.86408059  1.7694503  -2.45524353 -1.57079631 -0.30766646] to [ 1.26312427 -1.26265049  1.21378168 -1.4862532  -1.57079612 -0.30767017]
