2025-03-03 02:29:26 - root - INFO - Logging setup complete for task1
2025-03-03 02:29:27 - root - INFO - Attempting to pick up block at [-0.1, -0.5, 0.03]
2025-03-03 02:29:27 - root - INFO - pick up block at (-0.1, -0.5) start_height 0.13
2025-03-03 02:29:27 - root - INFO - Planning and moving to xyz facing down ur5e_1 from [-1.56417438e+00 -1.56694744e+00 -4.97276278e-04 -1.56588207e+00
  1.05265287e-05 -1.99549302e-06] to [-1.5030728589044704, -2.002837108243485, 4.151583602268242, -0.5779421714157422, 1.570799976944709, -3.073869741718431] target: [-0.1, -0.5, 0.13]
2025-03-03 02:29:27 - root - INFO - Planning and movingJ ur5e_1 from [-1.56417438e+00 -1.56694744e+00 -4.97276278e-04 -1.56588207e+00
  1.05265287e-05 -1.99549302e-06] to [-1.5030728589044704, -2.002837108243485, -2.1316017049113443, -0.5779421714157422, 1.570799976944709, -3.073869741718431]
2025-03-03 02:29:27 - root - INFO - MovingJ ur5e_1 from [-1.56417438e+00 -1.56694744e+00 -4.97276278e-04 -1.56588207e+00
  1.05265287e-05 -1.99549302e-06] to [-1.5030728589044704, -2.002837108243485, -2.1316017049113443, -0.5779421714157422, 1.570799976944709, -3.073869741718431]
2025-03-03 02:29:30 - root - INFO - MovingL ur5e_1 from [-0.10130439 -0.50723131  0.13547761] to [-0.1  -0.5   0.03]
2025-03-03 02:29:32 - root - INFO - MovingJ ur5e_1 from [-1.50323237 -2.25130529 -2.13854206 -0.33575241  1.57073206 -3.07391972] to [-1.50365759 -2.0021072  -2.11234435 -0.58803394  1.55571619 -3.04432235]
2025-03-03 02:29:33 - root - WARNING - Failed to pick up block at [-0.1, -0.5, 0.03]
2025-03-03 02:29:33 - root - INFO - Attempting to pick up block at [-0.1, -0.6, 0.03]
2025-03-03 02:29:33 - root - INFO - pick up block at (-0.1, -0.6) start_height 0.13
2025-03-03 02:29:33 - root - INFO - Planning and moving to xyz facing down ur5e_1 from [-1.50328694 -2.10146597 -2.12335539 -0.49234305  1.57073206 -3.05564249] to [-1.5144911924453832, -2.1599188466064816, -1.8365373536283258, -0.7159309322686292, 1.5707960405941483, -3.085287599475205] target: [-0.1, -0.6, 0.13]
2025-03-03 02:29:33 - root - INFO - Planning and movingJ ur5e_1 from [-1.50328694 -2.10146597 -2.12335539 -0.49234305  1.57073206 -3.05564249] to [-1.5144911924453832, -2.1599188466064816, -1.8365373536283258, -0.7159309322686292, 1.5707960405941483, -3.085287599475205]
2025-03-03 02:29:33 - root - INFO - MovingJ ur5e_1 from [-1.50328694 -2.10146597 -2.12335539 -0.49234305  1.57073206 -3.05564249] to [-1.5144911924453832, -2.1599188466064816, -1.8365373536283258, -0.7159309322686292, 1.5707960405941483, -3.085287599475205]
2025-03-03 02:29:34 - root - INFO - MovingL ur5e_1 from [-0.09987854 -0.5906366   0.12284602] to [-0.1  -0.6   0.03]
2025-03-03 02:29:36 - root - INFO - MovingJ ur5e_1 from [-1.51440911 -2.35935953 -1.84647164 -0.52237416  1.570796   -3.08520756] to [-1.51338248 -2.15813515 -1.86580543 -0.69460297  1.57077565 -3.08239036]
2025-03-03 02:29:36 - root - WARNING - Failed to pick up block at [-0.1, -0.6, 0.03]
2025-03-03 02:29:36 - root - INFO - Attempting to pick up block at [-0.1, -0.7, 0.03]
2025-03-03 02:29:36 - root - INFO - pick up block at (-0.1, -0.7) start_height 0.13
2025-03-03 02:29:36 - root - INFO - Planning and moving to xyz facing down ur5e_1 from [-1.51444842 -2.25831228 -1.84764826 -0.61359999  1.57079599 -3.08520756] to [-1.5226057445899197, -2.330852927096702, -1.5038713983416478, -0.8776644025391726, 1.5707963007375358, -3.093402064666672] target: [-0.1, -0.7, 0.13]
2025-03-03 02:29:36 - root - INFO - Planning and movingJ ur5e_1 from [-1.51444842 -2.25831228 -1.84764826 -0.61359999  1.57079599 -3.08520756] to [-1.5226057445899197, -2.330852927096702, -1.5038713983416478, -0.8776644025391726, 1.5707963007375358, -3.093402064666672]
2025-03-03 02:29:36 - root - INFO - MovingJ ur5e_1 from [-1.51444842 -2.25831228 -1.84764826 -0.61359999  1.57079599 -3.08520756] to [-1.5226057445899197, -2.330852927096702, -1.5038713983416478, -0.8776644025391726, 1.5707963007375358, -3.093402064666672]
2025-03-03 02:29:37 - root - INFO - MovingL ur5e_1 from [-0.09993244 -0.69185958  0.12117508] to [-0.1  -0.7   0.03]
2025-03-03 02:29:39 - root - INFO - MovingJ ur5e_1 from [-1.52254067 -2.49795492 -1.51498321 -0.71788556  1.57079617 -3.09335135] to [-1.52193626 -2.32984418 -1.53300081 -0.85693556  1.57079599 -3.09274252]
2025-03-03 02:29:39 - root - WARNING - Failed to pick up block at [-0.1, -0.7, 0.03]
2025-03-03 02:29:39 - root - INFO - Attempting to pick up block at [-0.1, -0.8, 0.03]
2025-03-03 02:29:39 - root - INFO - pick up block at (-0.1, -0.8) start_height 0.13
2025-03-03 02:29:39 - root - INFO - Planning and moving to xyz facing down ur5e_1 from [-1.52256594 -2.42810727 -1.51637513 -0.78088763  1.57079617 -3.09335135] to [-1.5286670769069761, -2.535283966878365, -1.0967930041926195, -1.080311264335519, 1.570796257003264, -3.0994633957796767] target: [-0.1, -0.8, 0.13]
2025-03-03 02:29:39 - root - INFO - Planning and movingJ ur5e_1 from [-1.52256594 -2.42810727 -1.51637513 -0.78088763  1.57079617 -3.09335135] to [-1.5286670769069761, -2.535283966878365, -1.0967930041926195, -1.080311264335519, 1.570796257003264, -3.0994633957796767]
2025-03-03 02:29:39 - root - INFO - MovingJ ur5e_1 from [-1.52256594 -2.42810727 -1.51637513 -0.78088763  1.57079617 -3.09335135] to [-1.5286670769069761, -2.535283966878365, -1.0967930041926195, -1.080311264335519, 1.570796257003264, -3.0994633957796767]
2025-03-03 02:29:41 - root - INFO - MovingL ur5e_1 from [-0.09901717 -0.79369535  0.12000331] to [-0.1  -0.8   0.03]
2025-03-03 02:29:42 - root - INFO - MovingJ ur5e_1 from [-1.52851081 -2.67895444 -1.11008343 -0.94443303  1.57079609 -3.0993163 ] to [-1.52708626 -2.53402549 -1.12589029 -1.06128774  1.57079607 -3.09789198]
2025-03-03 02:29:43 - root - WARNING - Failed to pick up block at [-0.1, -0.8, 0.03]
