2025-03-03 16:07:46 - root - INFO - Logging setup complete for task1
2025-03-03 16:07:46 - root - INFO - MovingJ ur5e_2 from [-1.56417438e+00 -1.56694744e+00 -4.97276278e-04 -1.56588207e+00
  1.05265287e-05 -1.99549302e-06] to [1.305356658502026, -0.7908733209856437, 1.4010098471710881, 4.102251451313659, -1.5707962412281837, -0.26543967541515895]
2025-03-03 16:08:05 - root - WARNING - Movement for ur5e_2 timed out before reaching the target joints.
2025-03-03 16:08:05 - root - INFO - pick up block at (-0.7, -0.6) start_height 0.15
2025-03-03 16:08:05 - root - INFO - Planning and moving to xyz facing down ur5e_2 from [ 1.30535666 -0.78562018  1.40261191  4.10279703 -1.57079624 -0.26543968] to [1.3053578770225713, -0.7908644629543412, 1.4009919392688075, 4.102261479303667, -1.5707963282706245, -0.26543844261952404] target: [-0.7, -0.6, 0.15]
2025-03-03 16:08:05 - root - INFO - Planning and movingJ ur5e_2 from [ 1.30535666 -0.78562018  1.40261191  4.10279703 -1.57079624 -0.26543968] to [1.3053578770225713, -0.7908644629543412, 1.4009919392688075, 4.102261479303667, -1.5707963282706245, -0.26543844261952404]
2025-03-03 16:08:05 - root - INFO - MovingJ ur5e_2 from [ 1.30535666 -0.78562018  1.40261191  4.10279703 -1.57079624 -0.26543968] to [1.3053578770225713, -0.7908644629543412, 1.4009919392688075, 4.102261479303667, -1.5707963282706245, -0.26543844261952404]
2025-03-03 16:08:05 - root - INFO - MovingL ur5e_2 from [-0.70019434 -0.6007106   0.14531619] to [-0.7  -0.6   0.05]
2025-03-03 16:08:11 - root - WARNING - Linear movement for ur5e_2 completed, but target not reached within tolerance after 400 attempts
2025-03-03 16:08:11 - root - INFO - MovingJ ur5e_2 from [ 1.30542324 -0.63948638  1.41324026  3.9272094  -1.57082229 -0.26543821] to [ 1.3053594  -0.78541555  1.40267254  4.10281435 -1.57079625 -0.26543968]
2025-03-03 16:08:11 - root - INFO - Planning and moving to xyz facing down ur5e_2 from [ 1.30540239 -0.70011004  1.41446024  4.00616516 -1.57082245 -0.26543821] to [1.337383784259587, -0.5644307613533054, 0.9566598717309429, 4.320158702926856, -1.5707962178338726, -0.23341255037645608] target: [-0.7, -0.5, 0.15]
2025-03-03 16:08:11 - root - INFO - Planning and movingJ ur5e_2 from [ 1.30540239 -0.70011004  1.41446024  4.00616516 -1.57082245 -0.26543821] to [1.337383784259587, -0.5644307613533054, 0.9566598717309429, 4.320158702926856, -1.5707962178338726, -0.23341255037645608]
2025-03-03 16:08:11 - root - INFO - MovingJ ur5e_2 from [ 1.30540239 -0.70011004  1.41446024  4.00616516 -1.57082245 -0.26543821] to [1.337383784259587, -0.5644307613533054, 0.9566598717309429, 4.320158702926856, -1.5707962178338726, -0.23341255037645608]
2025-03-03 16:08:15 - root - WARNING - Movement for ur5e_2 timed out before reaching the target joints.
2025-03-03 16:08:15 - root - INFO - put down block at (-0.7, -0.5) start_height 0.2
2025-03-03 16:08:15 - root - INFO - Planning and moving to xyz facing down ur5e_2 from [ 1.33737973 -0.55862295  0.95829908  4.32053155 -1.57079632 -0.23341574] to [1.3373830960662834, -0.6142506689348932, 0.9185784401085957, 4.408059253036982, -1.570796164062225, -0.2334132219993182] target: [-0.7, -0.5, 0.2]
2025-03-03 16:08:15 - root - INFO - Planning and movingJ ur5e_2 from [ 1.33737973 -0.55862295  0.95829908  4.32053155 -1.57079632 -0.23341574] to [1.3373830960662834, -0.6142506689348932, 0.9185784401085957, 4.408059253036982, -1.570796164062225, -0.2334132219993182]
2025-03-03 16:08:15 - root - INFO - MovingJ ur5e_2 from [ 1.33737973 -0.55862295  0.95829908  4.32053155 -1.57079632 -0.23341574] to [1.3373830960662834, -0.6142506689348932, 0.9185784401085957, 4.408059253036982, -1.570796164062225, -0.2334132219993182]
2025-03-03 16:08:15 - root - INFO - MovingL ur5e_2 from [-0.70000797 -0.50005319  0.17623031] to [-0.7        -0.5         0.06978449]
2025-03-03 16:08:17 - root - INFO - MovingJ ur5e_2 from [ 1.33737404 -0.45537742  0.9825153   4.21146707 -1.57079606 -0.23341078] to [ 1.33737957 -0.59033245  0.93349658  4.37878534 -1.57079626 -0.23341491]
2025-03-03 16:08:18 - root - INFO - pick up block at (-0.7, -0.7) start_height 0.15
2025-03-03 16:08:18 - root - INFO - Planning and moving to xyz facing down ur5e_2 from [ 1.33738588 -0.50586217  0.96365635  4.28109928 -1.5707962  -0.23341075] to [1.2631259378407187, -0.975120182314062, 1.7498638826572896, 3.937643697566587, -1.5707961188975461, -0.30767054516518044] target: [-0.7, -0.7, 0.15]
2025-03-03 16:08:18 - root - INFO - Planning and movingJ ur5e_2 from [ 1.33738588 -0.50586217  0.96365635  4.28109928 -1.5707962  -0.23341075] to [1.2631259378407187, -0.975120182314062, 1.7498638826572896, 3.937643697566587, -1.5707961188975461, -0.30767054516518044]
2025-03-03 16:08:18 - root - INFO - MovingJ ur5e_2 from [ 1.33738588 -0.50586217  0.96365635  4.28109928 -1.5707962  -0.23341075] to [1.2631259378407187, -0.975120182314062, 1.7498638826572896, 3.937643697566587, -1.5707961188975461, -0.30767054516518044]
2025-03-03 16:08:19 - root - INFO - MovingL ur5e_2 from [-0.69911479 -0.69108916  0.14548561] to [-0.7  -0.7   0.05]
2025-03-03 16:08:24 - root - WARNING - Linear movement for ur5e_2 completed, but target not reached within tolerance after 400 attempts
2025-03-03 16:08:25 - root - INFO - MovingJ ur5e_2 from [ 1.26320294 -0.79323124  1.76224698  3.73070884 -1.57083042 -0.30766641] to [ 1.26608555 -0.95189883  1.72000276  3.95181831 -1.57079789 -0.30472369]
2025-03-03 16:08:25 - root - INFO - Planning and moving to xyz facing down ur5e_2 from [ 1.26319016 -0.87657908  1.7400294   3.85315387 -1.57083081 -0.3076664 ] to [1.3373844197164402, -0.6525544010549243, 0.8596597395877782, 4.505283002810139, -1.5707962697256983, -0.23341191383984675] target: [-0.7, -0.5, 0.25]
2025-03-03 16:08:25 - root - INFO - Planning and movingJ ur5e_2 from [ 1.26319016 -0.87657908  1.7400294   3.85315387 -1.57083081 -0.3076664 ] to [1.3373844197164402, -0.6525544010549243, 0.8596597395877782, 4.505283002810139, -1.5707962697256983, -0.23341191383984675]
2025-03-03 16:08:25 - root - INFO - MovingJ ur5e_2 from [ 1.26319016 -0.87657908  1.7400294   3.85315387 -1.57083081 -0.3076664 ] to [1.3373844197164402, -0.6525544010549243, 0.8596597395877782, 4.505283002810139, -1.5707962697256983, -0.23341191383984675]
2025-03-03 16:08:32 - root - WARNING - Movement for ur5e_2 timed out before reaching the target joints.
2025-03-03 16:08:32 - root - INFO - put down block at (-0.7, -0.5) start_height 0.3
2025-03-03 16:08:32 - root - INFO - Planning and moving to xyz facing down ur5e_2 from [ 1.33738357 -0.6468922   0.86134245  4.50568681 -1.57079628 -0.23341193] to [1.3373816731552237, -0.6772033695988995, 0.776555655691543, 4.613033392672412, -1.570796049607137, -0.2334146383786175] target: [-0.7, -0.5, 0.3]
2025-03-03 16:08:32 - root - INFO - Planning and movingJ ur5e_2 from [ 1.33738357 -0.6468922   0.86134245  4.50568681 -1.57079628 -0.23341193] to [1.3373816731552237, -0.6772033695988995, 0.776555655691543, 4.613033392672412, -1.570796049607137, -0.2334146383786175]
2025-03-03 16:08:32 - root - INFO - MovingJ ur5e_2 from [ 1.33738357 -0.6468922   0.86134245  4.50568681 -1.57079628 -0.23341193] to [1.3373816731552237, -0.6772033695988995, 0.776555655691543, 4.613033392672412, -1.570796049607137, -0.2334146383786175]
2025-03-03 16:08:32 - root - INFO - MovingL ur5e_2 from [-0.69980594 -0.49919363  0.27974946] to [-0.7        -0.5         0.08978449]
2025-03-03 16:08:35 - root - INFO - MovingJ ur5e_2 from [ 1.33737726 -0.49077764  0.97443052  4.23647536 -1.57079595 -0.23341053] to [ 1.33738229 -0.66379722  0.80130899  4.584117   -1.57079587 -0.23341308]
2025-03-03 16:08:36 - root - INFO - pick up block at (-0.7, -0.8) start_height 0.15
2025-03-03 16:08:36 - root - INFO - Planning and moving to xyz facing down ur5e_2 from [ 1.33740405 -0.60918142  0.85195814  4.48635877 -1.57079608 -0.23341052] to [1.2048889072435955, -1.1446442072265517, 2.05421110642123, 3.802821779869035, -1.570796294677735, -0.3659074203437876] target: [-0.7, -0.8, 0.15]
2025-03-03 16:08:36 - root - INFO - Planning and movingJ ur5e_2 from [ 1.33740405 -0.60918142  0.85195814  4.48635877 -1.57079608 -0.23341052] to [1.2048889072435955, -1.1446442072265517, 2.05421110642123, 3.802821779869035, -1.570796294677735, -0.3659074203437876]
2025-03-03 16:08:36 - root - INFO - MovingJ ur5e_2 from [ 1.33740405 -0.60918142  0.85195814  4.48635877 -1.57079608 -0.23341052] to [1.2048889072435955, -1.1446442072265517, 2.05421110642123, 3.802821779869035, -1.570796294677735, -0.3659074203437876]
2025-03-03 16:08:37 - root - INFO - MovingL ur5e_2 from [-0.69834496 -0.79075644  0.14920917] to [-0.7  -0.8   0.05]
2025-03-03 16:08:43 - root - WARNING - Linear movement for ur5e_2 completed, but target not reached within tolerance after 400 attempts
2025-03-03 16:08:43 - root - INFO - MovingJ ur5e_2 from [ 1.20496894 -0.91757304  2.06872836  3.5473317  -1.57083267 -0.36590637] to [ 1.20824049 -1.12747002  2.02520483  3.82056348 -1.57079833 -0.36257651]
2025-03-03 16:08:44 - root - INFO - Planning and moving to xyz facing down ur5e_2 from [ 1.20496096 -1.05013313  2.04143011  3.72496925 -1.57083341 -0.36590636] to [1.3373843717095075, -0.6840075611264471, 0.6614429167564251, 4.7349529328317415, -1.5707962660392027, -0.233411959169144] target: [-0.7, -0.5, 0.35]
2025-03-03 16:08:44 - root - INFO - Planning and movingJ ur5e_2 from [ 1.20496096 -1.05013313  2.04143011  3.72496925 -1.57083341 -0.36590636] to [1.3373843717095075, -0.6840075611264471, 0.6614429167564251, -1.5482323743478448, -1.5707962660392027, -0.233411959169144]
2025-03-03 16:08:44 - root - INFO - MovingJ ur5e_2 from [ 1.20496096 -1.05013313  2.04143011  3.72496925 -1.57083341 -0.36590636] to [1.3373843717095075, -0.6840075611264471, 0.6614429167564251, -1.5482323743478448, -1.5707962660392027, -0.233411959169144]
2025-03-03 16:09:01 - root - WARNING - Movement for ur5e_2 timed out before reaching the target joints.
2025-03-03 16:09:01 - root - INFO - put down block at (-0.7, -0.5) start_height 0.39999999999999997
2025-03-03 16:09:01 - root - INFO - Planning and moving to xyz facing down ur5e_2 from [ 1.33738355 -0.67840495  0.66316244 -1.54782836 -1.57079628 -0.23341196] to [1.337383707497003, -0.663532920273702, 0.4953778088580848, -1.402642502298817, -1.570796212368191, -0.2334126225995706] target: [-0.7, -0.5, 0.39999999999999997]
2025-03-03 16:09:01 - root - INFO - Planning and movingJ ur5e_2 from [ 1.33738355 -0.67840495  0.66316244 -1.54782836 -1.57079628 -0.23341196] to [1.337383707497003, -0.663532920273702, 0.4953778088580848, -1.402642502298817, -1.570796212368191, -0.2334126225995706]
2025-03-03 16:09:01 - root - INFO - MovingJ ur5e_2 from [ 1.33738355 -0.67840495  0.66316244 -1.54782836 -1.57079628 -0.23341196] to [1.337383707497003, -0.663532920273702, 0.4953778088580848, -1.402642502298817, -1.570796212368191, -0.2334126225995706]
2025-03-03 16:09:02 - root - INFO - MovingL ur5e_2 from [-0.69958196 -0.49825489  0.38573453] to [-0.7        -0.5         0.12916646]
2025-03-03 16:09:06 - root - INFO - MovingJ ur5e_2 from [ 1.33736322 -0.53611334  0.96060253 -1.98314128 -1.57079996 -0.23340892] to [ 1.33738131 -0.66054514  0.52434009 -1.42580191 -1.57079555 -0.23341236]
2025-03-03 16:09:07 - root - INFO - pick up block at (-0.7, -0.9) start_height 0.15
2025-03-03 16:09:07 - root - INFO - Planning and moving to xyz facing down ur5e_2 from [ 1.33738802 -0.63294589  0.60251961 -1.52250102 -1.57079926 -0.23340955] to [1.1193482172448512, -1.315555228597209, 2.333525791556209, -2.588768033548848, -1.5707960828212466, -0.4514484486953654] target: [-0.7, -0.9, 0.15]
2025-03-03 16:09:07 - root - INFO - Planning and movingJ ur5e_2 from [ 1.33738802 -0.63294589  0.60251961 -1.52250102 -1.57079926 -0.23340955] to [1.1193482172448512, -1.315555228597209, 2.333525791556209, -2.588768033548848, -1.5707960828212466, -0.4514484486953654]
2025-03-03 16:09:07 - root - INFO - MovingJ ur5e_2 from [ 1.33738802 -0.63294589  0.60251961 -1.52250102 -1.57079926 -0.23340955] to [1.1193482172448512, -1.315555228597209, 2.333525791556209, -2.588768033548848, -1.5707960828212466, -0.4514484486953654]
2025-03-03 16:09:09 - root - INFO - MovingL ur5e_2 from [-0.69722832 -0.89064219  0.15087499] to [-0.7  -0.9   0.05]
2025-03-03 16:09:11 - root - INFO - MovingJ ur5e_2 from [ 1.11949559 -1.01599467  2.35337718 -2.91820519 -1.57079484 -0.45137583] to [ 1.12311077 -1.30112529  2.30499685 -2.56995969 -1.57079894 -0.44771766]
2025-03-03 16:09:12 - root - INFO - Planning and moving to xyz facing down ur5e_2 from [ 1.11949667 -1.21879066  2.31923778 -2.66665299 -1.57079635 -0.45137583] to [1.3373825334561795, -0.5638867195440241, 0.17078916726547677, -1.1777009134393448, -1.570796117498808, -0.23341379363723697] target: [-0.7, -0.5, 0.45000000000000007]
2025-03-03 16:09:12 - root - INFO - Planning and movingJ ur5e_2 from [ 1.11949667 -1.21879066  2.31923778 -2.66665299 -1.57079635 -0.45137583] to [1.3373825334561795, -0.5638867195440241, 0.17078916726547677, -1.1777009134393448, -1.570796117498808, -0.23341379363723697]
2025-03-03 16:09:12 - root - INFO - MovingJ ur5e_2 from [ 1.11949667 -1.21879066  2.31923778 -2.66665299 -1.57079635 -0.45137583] to [1.3373825334561795, -0.5638867195440241, 0.17078916726547677, -1.1777009134393448, -1.570796117498808, -0.23341379363723697]
2025-03-03 16:09:21 - root - WARNING - Movement for ur5e_2 timed out before reaching the target joints.
2025-03-03 16:09:21 - root - INFO - put down block at (-0.7, -0.5) start_height 0.5000000000000001
2025-03-03 16:09:24 - root - INFO - Planning and moving to xyz facing down ur5e_2 from [ 1.33738172 -0.55805309  0.17239238 -1.17729675 -1.57079614 -0.23341379] to [] target: [-0.7, -0.5, 0.5000000000000001]
