2025-03-03 02:56:34 - root - INFO - Logging setup complete for task1
2025-03-03 02:56:35 - root - INFO - pick up block at (-0.7, -0.6) start_height 0.13
2025-03-03 02:56:35 - root - INFO - Planning and moving to xyz facing down ur5e_2 from [-1.56417438e+00 -1.56694744e+00 -4.97276278e-04 -1.56588207e+00
  1.05265287e-05 -1.99549302e-06] to [1.3053561965217024, -0.7628342123649131, 1.409216153271506, -2.217179487168706, -1.5707960656164148, -0.26544014886307676] target: [-0.7, -0.6, 0.13]
2025-03-03 02:56:35 - root - INFO - Planning and movingJ ur5e_2 from [-1.56417438e+00 -1.56694744e+00 -4.97276278e-04 -1.56588207e+00
  1.05265287e-05 -1.99549302e-06] to [1.3053561965217024, -0.7628342123649131, 1.409216153271506, -2.217179487168706, -1.5707960656164148, -0.26544014886307676]
2025-03-03 02:56:35 - root - INFO - MovingJ ur5e_2 from [-1.56417438e+00 -1.56694744e+00 -4.97276278e-04 -1.56588207e+00
  1.05265287e-05 -1.99549302e-06] to [1.3053561965217024, -0.7628342123649131, 1.409216153271506, -2.217179487168706, -1.5707960656164148, -0.26544014886307676]
2025-03-03 02:56:38 - root - INFO - MovingL ur5e_2 from [-0.67869107 -0.59805101  0.13688298] to [-0.7  -0.6   0.03]
2025-03-03 02:56:43 - root - WARNING - Linear movement for ur5e_2 completed, but target not reached within tolerance after 400 attempts
2025-03-03 02:56:44 - root - INFO - MovingJ ur5e_2 from [ 1.30159014 -0.60035184  1.41075385 -2.38407177 -1.57148065 -0.26551833] to [ 1.27546439 -0.76581176  1.39604997 -2.20972149 -1.5542593  -0.26264719]
2025-03-03 02:56:44 - root - INFO - Planning and moving to xyz facing down ur5e_2 from [ 1.2898204  -0.66875295  1.41221849 -2.30513787 -1.57149331 -0.26551786] to [1.2631291868583894, -0.9751076007841718, 1.7498385675328596, -2.3455275427683024, -1.5707963061959007, -0.3076671411275116] target: [-0.7, -0.7, 0.15]
2025-03-03 02:56:44 - root - INFO - Planning and movingJ ur5e_2 from [ 1.2898204  -0.66875295  1.41221849 -2.30513787 -1.57149331 -0.26551786] to [1.2631291868583894, -0.9751076007841718, 1.7498385675328596, -2.3455275427683024, -1.5707963061959007, -0.3076671411275116]
2025-03-03 02:56:44 - root - INFO - MovingJ ur5e_2 from [ 1.2898204  -0.66875295  1.41221849 -2.30513787 -1.57149331 -0.26551786] to [1.2631291868583894, -0.9751076007841718, 1.7498385675328596, -2.3455275427683024, -1.5707963061959007, -0.3076671411275116]
2025-03-03 02:56:47 - root - WARNING - Movement for ur5e_2 timed out before reaching the target joints.
2025-03-03 02:56:47 - root - INFO - put down block at (-0.7, -0.7) start_height 0.2
2025-03-03 02:56:47 - root - INFO - Planning and moving to xyz facing down ur5e_2 from [ 1.26313853 -0.97067145  1.75114223 -2.34496857 -1.57079833 -0.30765323] to [1.2631280763849937, -1.0537420374266264, 1.7187184927858767, -2.235773923418704, -1.5707962385663201, -0.30766824534293097] target: [-0.7, -0.7, 0.2]
2025-03-03 02:56:47 - root - INFO - Planning and movingJ ur5e_2 from [ 1.26313853 -0.97067145  1.75114223 -2.34496857 -1.57079833 -0.30765323] to [1.2631280763849937, -1.0537420374266264, 1.7187184927858767, -2.235773923418704, -1.5707962385663201, -0.30766824534293097]
2025-03-03 02:56:47 - root - INFO - MovingJ ur5e_2 from [ 1.26313853 -0.97067145  1.75114223 -2.34496857 -1.57079833 -0.30765323] to [1.2631280763849937, -1.0537420374266264, 1.7187184927858767, -2.235773923418704, -1.5707962385663201, -0.30766824534293097]
2025-03-03 02:56:48 - root - INFO - MovingL ur5e_2 from [-0.7000354  -0.70009608  0.18276028] to [-0.7        -0.7         0.08978449]
2025-03-03 02:56:50 - root - INFO - MovingJ ur5e_2 from [ 1.26311731 -0.86391018  1.77008737 -2.45605451 -1.57079631 -0.30766434] to [ 1.26313722 -1.0277669   1.72869423 -2.26449673 -1.57079744 -0.3076596 ]
2025-03-03 02:56:50 - root - INFO - pick up block at (-0.7, -0.7) start_height 0.13
2025-03-03 02:56:50 - root - INFO - Planning and moving to xyz facing down ur5e_2 from [ 1.26314942 -0.94079817  1.75081106 -2.36088193 -1.57079631 -0.30766434] to [1.2631313857809507, -0.9409101441420794, 1.758040209343353, -2.387922705487258, -1.5707964363226365, -0.3076649330613912] target: [-0.7, -0.7, 0.13]
2025-03-03 02:56:50 - root - INFO - Planning and movingJ ur5e_2 from [ 1.26314942 -0.94079817  1.75081106 -2.36088193 -1.57079631 -0.30766434] to [1.2631313857809507, -0.9409101441420794, 1.758040209343353, -2.387922705487258, -1.5707964363226365, -0.3076649330613912]
2025-03-03 02:56:50 - root - INFO - MovingJ ur5e_2 from [ 1.26314942 -0.94079817  1.75081106 -2.36088193 -1.57079631 -0.30766434] to [1.2631313857809507, -0.9409101441420794, 1.758040209343353, -2.387922705487258, -1.5707964363226365, -0.3076649330613912]
2025-03-03 02:56:50 - root - INFO - MovingL ur5e_2 from [-0.70000312 -0.69996906  0.12976538] to [-0.7  -0.7   0.03]
2025-03-03 02:56:56 - root - INFO - MovingJ ur5e_2 from [ 1.26333728 -0.74516178  1.76053854 -2.58531877 -1.57057913 -0.30767188] to [ 1.26314949 -0.94058171  1.75087856 -2.36085537 -1.57079631 -0.30766434]
2025-03-03 02:56:57 - root - INFO - Planning and moving to xyz facing down ur5e_2 from [ 1.26337638 -0.85212526  1.76182576 -2.45565626 -1.57057856 -0.30767195] to [1.2631287176140518, -1.1214881454798629, 1.6726356460591256, -2.1219443607615274, -1.5707962763326335, -0.3076676241536062] target: [-0.7, -0.7, 0.25]
2025-03-03 02:56:57 - root - INFO - Planning and movingJ ur5e_2 from [ 1.26337638 -0.85212526  1.76182576 -2.45565626 -1.57057856 -0.30767195] to [1.2631287176140518, -1.1214881454798629, 1.6726356460591256, -2.1219443607615274, -1.5707962763326335, -0.3076676241536062]
2025-03-03 02:56:57 - root - INFO - MovingJ ur5e_2 from [ 1.26337638 -0.85212526  1.76182576 -2.45565626 -1.57057856 -0.30767195] to [1.2631287176140518, -1.1214881454798629, 1.6726356460591256, -2.1219443607615274, -1.5707962763326335, -0.3076676241536062]
2025-03-03 02:57:00 - root - WARNING - Movement for ur5e_2 timed out before reaching the target joints.
2025-03-03 02:57:00 - root - INFO - put down block at (-0.7, -0.7) start_height 0.3
2025-03-03 02:57:00 - root - INFO - Planning and moving to xyz facing down ur5e_2 from [ 1.26313    -1.11747162  1.67432599 -2.12151648 -1.57079562 -0.30766764] to [1.2631278847027194, -1.1773012406945327, 1.6117732594390808, -2.0052695270461474, -1.5707962267573234, -0.3076684390665112] target: [-0.7, -0.7, 0.3]
2025-03-03 02:57:00 - root - INFO - Planning and movingJ ur5e_2 from [ 1.26313    -1.11747162  1.67432599 -2.12151648 -1.57079562 -0.30766764] to [1.2631278847027194, -1.1773012406945327, 1.6117732594390808, -2.0052695270461474, -1.5707962267573234, -0.3076684390665112]
2025-03-03 02:57:00 - root - INFO - MovingJ ur5e_2 from [ 1.26313    -1.11747162  1.67432599 -2.12151648 -1.57079562 -0.30766764] to [1.2631278847027194, -1.1773012406945327, 1.6117732594390808, -2.0052695270461474, -1.5707962267573234, -0.3076684390665112]
2025-03-03 02:57:00 - root - INFO - MovingL ur5e_2 from [-0.6998785  -0.69961338  0.28306347] to [-0.7        -0.7         0.06978449]
2025-03-03 02:57:03 - root - INFO - MovingJ ur5e_2 from [ 1.26311459 -0.82598747  1.77150061 -2.49527332 -1.57079629 -0.30766631] to [ 1.26313155 -1.15820249  1.62967728 -2.03522441 -1.57079588 -0.30766798]
2025-03-03 02:57:04 - root - INFO - pick up block at (-0.7, -0.8) start_height 0.13
2025-03-03 02:57:04 - root - INFO - Planning and moving to xyz facing down ur5e_2 from [ 1.2631878  -1.08534505  1.66050978 -2.12980228 -1.57079622 -0.30766655] to [1.2048889332550692, -1.1017551393200509, 2.063366423731979, -2.532407817206569, -1.5707962987786894, -0.3659074017654892] target: [-0.7, -0.8, 0.13]
2025-03-03 02:57:04 - root - INFO - Planning and movingJ ur5e_2 from [ 1.2631878  -1.08534505  1.66050978 -2.12980228 -1.57079622 -0.30766655] to [1.2048889332550692, -1.1017551393200509, 2.063366423731979, -2.532407817206569, -1.5707962987786894, -0.3659074017654892]
2025-03-03 02:57:04 - root - INFO - MovingJ ur5e_2 from [ 1.2631878  -1.08534505  1.66050978 -2.12980228 -1.57079622 -0.30766655] to [1.2048889332550692, -1.1017551393200509, 2.063366423731979, -2.532407817206569, -1.5707962987786894, -0.3659074017654892]
2025-03-03 02:57:05 - root - INFO - MovingL ur5e_2 from [-0.69924928 -0.7920692   0.1334551 ] to [-0.7  -0.8   0.03]
2025-03-03 02:57:08 - root - INFO - MovingJ ur5e_2 from [ 1.2043125  -0.86143203  2.06745063 -2.77722819 -1.57086023 -0.3659284 ] to [ 1.20896473 -1.09693538  2.03643473 -2.50370578 -1.57079784 -0.36183613]
2025-03-03 02:57:08 - root - INFO - Planning and moving to xyz facing down ur5e_2 from [ 1.20436315 -1.01002641  2.04838716 -2.59868392 -1.5708602  -0.3659284 ] to [1.2631233659767311, -1.220428055020423, 1.5361119294432581, -1.886485572750648, -1.5707959511239733, -0.30767298477973026] target: [-0.7, -0.7, 0.35]
2025-03-03 02:57:08 - root - INFO - Planning and movingJ ur5e_2 from [ 1.20436315 -1.01002641  2.04838716 -2.59868392 -1.5708602  -0.3659284 ] to [1.2631233659767311, -1.220428055020423, 1.5361119294432581, -1.886485572750648, -1.5707959511239733, -0.30767298477973026]
2025-03-03 02:57:08 - root - INFO - MovingJ ur5e_2 from [ 1.20436315 -1.01002641  2.04838716 -2.59868392 -1.5708602  -0.3659284 ] to [1.2631233659767311, -1.220428055020423, 1.5361119294432581, -1.886485572750648, -1.5707959511239733, -0.30767298477973026]
2025-03-03 02:57:13 - root - WARNING - Movement for ur5e_2 timed out before reaching the target joints.
2025-03-03 02:57:13 - root - INFO - put down block at (-0.7, -0.7) start_height 0.39999999999999997
2025-03-03 02:57:13 - root - INFO - Planning and moving to xyz facing down ur5e_2 from [ 1.26312334 -1.21680053  1.53794935 -1.88594016 -1.57079595 -0.30767302] to [1.2631275352417355, -1.2502038365863117, 1.4450306689210795, -1.7656245892970641, -1.5707962054493305, -0.307668789917869] target: [-0.7, -0.7, 0.39999999999999997]
2025-03-03 02:57:13 - root - INFO - Planning and movingJ ur5e_2 from [ 1.26312334 -1.21680053  1.53794935 -1.88594016 -1.57079595 -0.30767302] to [1.2631275352417355, -1.2502038365863117, 1.4450306689210795, -1.7656245892970641, -1.5707962054493305, -0.307668789917869]
2025-03-03 02:57:13 - root - INFO - MovingJ ur5e_2 from [ 1.26312334 -1.21680053  1.53794935 -1.88594016 -1.57079595 -0.30767302] to [1.2631275352417355, -1.2502038365863117, 1.4450306689210795, -1.7656245892970641, -1.5707962054493305, -0.307668789917869]
2025-03-03 02:57:13 - root - INFO - MovingL ur5e_2 from [-0.69971507 -0.69910929  0.38380814] to [-0.7        -0.7         0.08978449]
2025-03-03 02:57:17 - root - INFO - MovingJ ur5e_2 from [ 1.26311489 -0.86423039  1.76966185 -2.45530821 -1.57079631 -0.30766643] to [ 1.26312656 -1.23867417  1.46984606 -1.79509239 -1.57079607 -0.30767111]
2025-03-03 02:57:18 - root - INFO - pick up block at (-0.7, -0.9) start_height 0.13
2025-03-03 02:57:18 - root - INFO - Planning and moving to xyz facing down ur5e_2 from [ 1.26319266 -1.1794241   1.51597105 -1.89217196 -1.57079624 -0.30766747] to [1.1193424675380743, -1.2587090529447698, 2.3447985217779523, -2.6568900839052425, -1.5707958234433625, -0.4514542857648774] target: [-0.7, -0.9, 0.13]
2025-03-03 02:57:18 - root - INFO - Planning and movingJ ur5e_2 from [ 1.26319266 -1.1794241   1.51597105 -1.89217196 -1.57079624 -0.30766747] to [1.1193424675380743, -1.2587090529447698, 2.3447985217779523, -2.6568900839052425, -1.5707958234433625, -0.4514542857648774]
2025-03-03 02:57:18 - root - INFO - MovingJ ur5e_2 from [ 1.26319266 -1.1794241   1.51597105 -1.89217196 -1.57079624 -0.30766747] to [1.1193424675380743, -1.2587090529447698, 2.3447985217779523, -2.6568900839052425, -1.5707958234433625, -0.4514542857648774]
2025-03-03 02:57:19 - root - INFO - MovingL ur5e_2 from [-0.69801755 -0.89088981  0.13306347] to [-0.7  -0.9   0.03]
