2025-03-03 02:46:41 - root - INFO - Logging setup complete for task1
2025-03-03 02:46:42 - root - INFO - pick up block at (-0.7, -0.6) start_height 0.13
2025-03-03 02:46:42 - root - INFO - Planning and moving to xyz facing down ur5e_2 from [-1.56417438e+00 -1.56694744e+00 -4.97276278e-04 -1.56588207e+00
  1.05265287e-05 -1.99549302e-06] to [1.3053550833115073, -0.7628489042578919, 1.4092478850435328, -2.2171979465922083, -1.5707961000744155, -0.26544098707104996] target: [-0.7, -0.6, 0.13]
2025-03-03 02:46:42 - root - INFO - Planning and movingJ ur5e_2 from [-1.56417438e+00 -1.56694744e+00 -4.97276278e-04 -1.56588207e+00
  1.05265287e-05 -1.99549302e-06] to [1.3053550833115073, -0.7628489042578919, 1.4092478850435328, -2.2171979465922083, -1.5707961000744155, -0.26544098707104996]
2025-03-03 02:46:42 - root - INFO - MovingJ ur5e_2 from [-1.56417438e+00 -1.56694744e+00 -4.97276278e-04 -1.56588207e+00
  1.05265287e-05 -1.99549302e-06] to [1.3053550833115073, -0.7628489042578919, 1.4092478850435328, -2.2171979465922083, -1.5707961000744155, -0.26544098707104996]
2025-03-03 02:46:45 - root - INFO - MovingL ur5e_2 from [-0.67869259 -0.59805878  0.1368823 ] to [-0.7  -0.6   0.03]
2025-03-03 02:46:51 - root - WARNING - Linear movement for ur5e_2 completed, but target not reached within tolerance after 400 attempts
2025-03-03 02:46:51 - root - INFO - MovingJ ur5e_2 from [ 1.30158799 -0.60035946  1.41074892 -2.38407573 -1.57148054 -0.26551798] to [ 1.27546328 -0.76582636  1.39608135 -2.20973976 -1.55425933 -0.26264802]
2025-03-03 02:46:52 - root - INFO - Planning and moving to xyz facing down ur5e_2 from [ 1.28981855 -0.66876364  1.41221373 -2.30514819 -1.57149332 -0.26551755] to [1.2631291868958012, -0.9751076006261894, 1.749838567201893, -2.345527542575784, -1.5707963061973502, -0.3076671410894068] target: [-0.7, -0.7, 0.15]
2025-03-03 02:46:52 - root - INFO - Planning and movingJ ur5e_2 from [ 1.28981855 -0.66876364  1.41221373 -2.30514819 -1.57149332 -0.26551755] to [1.2631291868958012, -0.9751076006261894, 1.749838567201893, -2.345527542575784, -1.5707963061973502, -0.3076671410894068]
2025-03-03 02:46:52 - root - INFO - MovingJ ur5e_2 from [ 1.28981855 -0.66876364  1.41221373 -2.30514819 -1.57149332 -0.26551755] to [1.2631291868958012, -0.9751076006261894, 1.749838567201893, -2.345527542575784, -1.5707963061973502, -0.3076671410894068]
2025-03-03 02:46:55 - root - WARNING - Movement for ur5e_2 timed out before reaching the target joints.
2025-03-03 02:46:55 - root - INFO - put down block at (-0.7, -0.7) start_height 0.2
2025-03-03 02:46:55 - root - INFO - Planning and moving to xyz facing down ur5e_2 from [ 1.26313853 -0.97067145  1.75114223 -2.34496858 -1.57079833 -0.30765323] to [1.263128076385097, -1.0537420374260473, 1.718718492784802, -2.2357739234181584, -1.570796238566326, -0.3076682453428288] target: [-0.7, -0.7, 0.2]
2025-03-03 02:46:55 - root - INFO - Planning and movingJ ur5e_2 from [ 1.26313853 -0.97067145  1.75114223 -2.34496858 -1.57079833 -0.30765323] to [1.263128076385097, -1.0537420374260473, 1.718718492784802, -2.2357739234181584, -1.570796238566326, -0.3076682453428288]
2025-03-03 02:46:55 - root - INFO - MovingJ ur5e_2 from [ 1.26313853 -0.97067145  1.75114223 -2.34496858 -1.57079833 -0.30765323] to [1.263128076385097, -1.0537420374260473, 1.718718492784802, -2.2357739234181584, -1.570796238566326, -0.3076682453428288]
2025-03-03 02:46:55 - root - INFO - MovingL ur5e_2 from [-0.7000354  -0.70009608  0.18276028] to [-0.7        -0.7         0.08978449]
2025-03-03 02:46:57 - root - INFO - MovingJ ur5e_2 from [ 1.26311731 -0.86391018  1.77008737 -2.45605451 -1.57079631 -0.30766434] to [ 1.26313722 -1.0277669   1.72869423 -2.26449673 -1.57079744 -0.3076596 ]
2025-03-03 02:46:58 - root - INFO - pick up block at (-0.7, -0.7) start_height 0.13
2025-03-03 02:46:58 - root - INFO - Planning and moving to xyz facing down ur5e_2 from [ 1.26314942 -0.94079817  1.75081106 -2.36088193 -1.57079631 -0.30766434] to [1.2631313857809277, -0.9409101441422391, 1.7580402093434189, -2.38792270548718, -1.5707964363226314, -0.3076649330614165] target: [-0.7, -0.7, 0.13]
2025-03-03 02:46:58 - root - INFO - Planning and movingJ ur5e_2 from [ 1.26314942 -0.94079817  1.75081106 -2.36088193 -1.57079631 -0.30766434] to [1.2631313857809277, -0.9409101441422391, 1.7580402093434189, -2.38792270548718, -1.5707964363226314, -0.3076649330614165]
2025-03-03 02:46:58 - root - INFO - MovingJ ur5e_2 from [ 1.26314942 -0.94079817  1.75081106 -2.36088193 -1.57079631 -0.30766434] to [1.2631313857809277, -0.9409101441422391, 1.7580402093434189, -2.38792270548718, -1.5707964363226314, -0.3076649330614165]
2025-03-03 02:46:58 - root - INFO - MovingL ur5e_2 from [-0.70000312 -0.69996906  0.12976538] to [-0.7  -0.7   0.03]
2025-03-03 02:47:03 - root - INFO - MovingJ ur5e_2 from [ 1.26333728 -0.74516177  1.76053854 -2.58531877 -1.57057913 -0.30767188] to [ 1.26314949 -0.94058171  1.75087856 -2.36085537 -1.57079631 -0.30766434]
2025-03-03 02:47:04 - root - INFO - Planning and moving to xyz facing down ur5e_2 from [ 1.26337638 -0.85212526  1.76182576 -2.45565626 -1.57057856 -0.30767195] to [1.2631287176140527, -1.1214881454798578, 1.672635646059115, -2.121944360761521, -1.5707962763326335, -0.3076676241536052] target: [-0.7, -0.7, 0.25]
2025-03-03 02:47:04 - root - INFO - Planning and movingJ ur5e_2 from [ 1.26337638 -0.85212526  1.76182576 -2.45565626 -1.57057856 -0.30767195] to [1.2631287176140527, -1.1214881454798578, 1.672635646059115, -2.121944360761521, -1.5707962763326335, -0.3076676241536052]
2025-03-03 02:47:04 - root - INFO - MovingJ ur5e_2 from [ 1.26337638 -0.85212526  1.76182576 -2.45565626 -1.57057856 -0.30767195] to [1.2631287176140527, -1.1214881454798578, 1.672635646059115, -2.121944360761521, -1.5707962763326335, -0.3076676241536052]
2025-03-03 02:47:07 - root - WARNING - Movement for ur5e_2 timed out before reaching the target joints.
2025-03-03 02:47:07 - root - INFO - put down block at (-0.7, -0.7) start_height 0.3
2025-03-03 02:47:07 - root - INFO - Planning and moving to xyz facing down ur5e_2 from [ 1.26313    -1.11747162  1.67432599 -2.12151648 -1.57079562 -0.30766764] to [1.2631278847027196, -1.1773012406945327, 1.6117732594390806, -2.005269527046147, -1.5707962267573234, -0.307668439066511] target: [-0.7, -0.7, 0.3]
2025-03-03 02:47:07 - root - INFO - Planning and movingJ ur5e_2 from [ 1.26313    -1.11747162  1.67432599 -2.12151648 -1.57079562 -0.30766764] to [1.2631278847027196, -1.1773012406945327, 1.6117732594390806, -2.005269527046147, -1.5707962267573234, -0.307668439066511]
2025-03-03 02:47:07 - root - INFO - MovingJ ur5e_2 from [ 1.26313    -1.11747162  1.67432599 -2.12151648 -1.57079562 -0.30766764] to [1.2631278847027196, -1.1773012406945327, 1.6117732594390806, -2.005269527046147, -1.5707962267573234, -0.307668439066511]
2025-03-03 02:47:08 - root - INFO - MovingL ur5e_2 from [-0.6998785  -0.69961338  0.28306347] to [-0.7        -0.7         0.06978449]
2025-03-03 02:47:11 - root - INFO - MovingJ ur5e_2 from [ 1.26311459 -0.82598747  1.77150061 -2.49527332 -1.57079629 -0.30766631] to [ 1.26313155 -1.15820249  1.62967728 -2.03522441 -1.57079588 -0.30766798]
2025-03-03 02:47:12 - root - INFO - pick up block at (-0.7, -0.8) start_height 0.13
2025-03-03 02:47:12 - root - INFO - Planning and moving to xyz facing down ur5e_2 from [ 1.2631878  -1.08534505  1.66050978 -2.12980228 -1.57079622 -0.30766655] to [1.2048889332550692, -1.1017551393200509, 2.0633664237319786, -2.532407817206569, -1.5707962987786894, -0.3659074017654891] target: [-0.7, -0.8, 0.13]
2025-03-03 02:47:12 - root - INFO - Planning and movingJ ur5e_2 from [ 1.2631878  -1.08534505  1.66050978 -2.12980228 -1.57079622 -0.30766655] to [1.2048889332550692, -1.1017551393200509, 2.0633664237319786, -2.532407817206569, -1.5707962987786894, -0.3659074017654891]
2025-03-03 02:47:12 - root - INFO - MovingJ ur5e_2 from [ 1.2631878  -1.08534505  1.66050978 -2.12980228 -1.57079622 -0.30766655] to [1.2048889332550692, -1.1017551393200509, 2.0633664237319786, -2.532407817206569, -1.5707962987786894, -0.3659074017654891]
2025-03-03 02:47:13 - root - INFO - MovingL ur5e_2 from [-0.69924928 -0.7920692   0.1334551 ] to [-0.7  -0.8   0.03]
2025-03-03 02:47:17 - root - INFO - MovingJ ur5e_2 from [ 1.2043125  -0.86143203  2.06745063 -2.77722819 -1.57086023 -0.3659284 ] to [ 1.20896473 -1.09693538  2.03643473 -2.50370578 -1.57079784 -0.36183613]
2025-03-03 02:47:18 - root - INFO - Planning and moving to xyz facing down ur5e_2 from [ 1.20436315 -1.01002641  2.04838716 -2.59868392 -1.5708602  -0.3659284 ] to [1.2631233659767453, -1.2204280550203404, 1.53611192944309, -1.8864855727505532, -1.5707959511239742, -0.3076729847797154] target: [-0.7, -0.7, 0.35]
2025-03-03 02:47:18 - root - INFO - Planning and movingJ ur5e_2 from [ 1.20436315 -1.01002641  2.04838716 -2.59868392 -1.5708602  -0.3659284 ] to [1.2631233659767453, -1.2204280550203404, 1.53611192944309, -1.8864855727505532, -1.5707959511239742, -0.3076729847797154]
2025-03-03 02:47:18 - root - INFO - MovingJ ur5e_2 from [ 1.20436315 -1.01002641  2.04838716 -2.59868392 -1.5708602  -0.3659284 ] to [1.2631233659767453, -1.2204280550203404, 1.53611192944309, -1.8864855727505532, -1.5707959511239742, -0.3076729847797154]
2025-03-03 02:47:23 - root - WARNING - Movement for ur5e_2 timed out before reaching the target joints.
2025-03-03 02:47:23 - root - INFO - put down block at (-0.7, -0.7) start_height 0.39999999999999997
2025-03-03 02:47:23 - root - INFO - Planning and moving to xyz facing down ur5e_2 from [ 1.26312334 -1.21680053  1.53794935 -1.88594016 -1.57079595 -0.30767302] to [1.2631275352417355, -1.2502038365863113, 1.4450306689210788, -1.7656245892970641, -1.5707962054493305, -0.3076687899178688] target: [-0.7, -0.7, 0.39999999999999997]
2025-03-03 02:47:23 - root - INFO - Planning and movingJ ur5e_2 from [ 1.26312334 -1.21680053  1.53794935 -1.88594016 -1.57079595 -0.30767302] to [1.2631275352417355, -1.2502038365863113, 1.4450306689210788, -1.7656245892970641, -1.5707962054493305, -0.3076687899178688]
2025-03-03 02:47:23 - root - INFO - MovingJ ur5e_2 from [ 1.26312334 -1.21680053  1.53794935 -1.88594016 -1.57079595 -0.30767302] to [1.2631275352417355, -1.2502038365863113, 1.4450306689210788, -1.7656245892970641, -1.5707962054493305, -0.3076687899178688]
2025-03-03 02:47:24 - root - INFO - MovingL ur5e_2 from [-0.69971507 -0.69910929  0.38380814] to [-0.7        -0.7         0.08978449]
2025-03-03 02:47:28 - root - INFO - MovingJ ur5e_2 from [ 1.26311489 -0.86423039  1.76966185 -2.45530821 -1.57079631 -0.30766643] to [ 1.26312656 -1.23867417  1.46984606 -1.79509239 -1.57079607 -0.30767111]
2025-03-03 02:47:29 - root - INFO - pick up block at (-0.7, -0.9) start_height 0.13
2025-03-03 02:47:29 - root - INFO - Planning and moving to xyz facing down ur5e_2 from [ 1.26319266 -1.1794241   1.51597105 -1.89217196 -1.57079624 -0.30766747] to [1.119342467538074, -1.25870905294477, 2.3447985217779532, -2.656890083905243, -1.5707958234433625, -0.45145428576487767] target: [-0.7, -0.9, 0.13]
2025-03-03 02:47:29 - root - INFO - Planning and movingJ ur5e_2 from [ 1.26319266 -1.1794241   1.51597105 -1.89217196 -1.57079624 -0.30766747] to [1.119342467538074, -1.25870905294477, 2.3447985217779532, -2.656890083905243, -1.5707958234433625, -0.45145428576487767]
2025-03-03 02:47:29 - root - INFO - MovingJ ur5e_2 from [ 1.26319266 -1.1794241   1.51597105 -1.89217196 -1.57079624 -0.30766747] to [1.119342467538074, -1.25870905294477, 2.3447985217779532, -2.656890083905243, -1.5707958234433625, -0.45145428576487767]
2025-03-03 02:47:31 - root - INFO - MovingL ur5e_2 from [-0.69801755 -0.89088981  0.13306347] to [-0.7  -0.9   0.03]
2025-03-03 02:47:34 - root - INFO - MovingJ ur5e_2 from [ 1.11858624 -0.94234301  2.3492873  -2.98083843 -1.57086225 -0.45140487] to [ 1.12453994 -1.25302217  2.31598996 -2.62876147 -1.57079828 -0.4462723 ]
2025-03-03 02:47:35 - root - INFO - Planning and moving to xyz facing down ur5e_2 from [ 1.11865321 -1.16318888  2.32610611 -2.72573607 -1.57086735 -0.45140487] to [1.2631241332331113, -1.2661052823054817, 1.3376138168746516, -1.6423090428447638, -1.5707959878115672, -0.30767209963231257] target: [-0.7, -0.7, 0.45000000000000007]
2025-03-03 02:47:35 - root - INFO - Planning and movingJ ur5e_2 from [ 1.11865321 -1.16318888  2.32610611 -2.72573607 -1.57086735 -0.45140487] to [1.2631241332331113, -1.2661052823054817, 1.3376138168746516, -1.6423090428447638, -1.5707959878115672, -0.30767209963231257]
2025-03-03 02:47:35 - root - INFO - MovingJ ur5e_2 from [ 1.11865321 -1.16318888  2.32610611 -2.72573607 -1.57086735 -0.45140487] to [1.2631241332331113, -1.2661052823054817, 1.3376138168746516, -1.6423090428447638, -1.5707959878115672, -0.30767209963231257]
2025-03-03 02:47:42 - root - WARNING - Movement for ur5e_2 timed out before reaching the target joints.
2025-03-03 02:47:42 - root - INFO - put down block at (-0.7, -0.7) start_height 0.5000000000000001
2025-03-03 02:47:42 - root - INFO - Planning and moving to xyz facing down ur5e_2 from [ 1.26312412 -1.26261666  1.33953597 -1.64176329 -1.57079599 -0.30767211] to [1.2631266735555489, -1.2670513601413924, 1.2112941301856048, -1.5150412805409035, -1.5707961532986079, -0.3076696497245494] target: [-0.7, -0.7, 0.5000000000000001]
2025-03-03 02:47:42 - root - INFO - Planning and movingJ ur5e_2 from [ 1.26312412 -1.26261666  1.33953597 -1.64176329 -1.57079599 -0.30767211] to [1.2631266735555489, -1.2670513601413924, 1.2112941301856048, -1.5150412805409035, -1.5707961532986079, -0.3076696497245494]
2025-03-03 02:47:42 - root - INFO - MovingJ ur5e_2 from [ 1.26312412 -1.26261666  1.33953597 -1.64176329 -1.57079599 -0.30767211] to [1.2631266735555489, -1.2670513601413924, 1.2112941301856048, -1.5150412805409035, -1.5707961532986079, -0.3076696497245494]
2025-03-03 02:47:43 - root - INFO - MovingL ur5e_2 from [-0.6994329  -0.69822698  0.48522953] to [-0.7        -0.7         0.08978449]
2025-03-03 02:47:48 - root - INFO - MovingJ ur5e_2 from [ 1.26311579 -0.86389133  1.76927412 -2.45525437 -1.57079632 -0.30766625] to [ 1.2631238  -1.2617669   1.23995049 -1.54109801 -1.57079608 -0.30767081]
