2025-03-03 02:57:25 - root - INFO - Logging setup complete for task1
2025-03-03 02:57:26 - root - INFO - pick up block at (-0.7, -0.6) start_height 0.13
2025-03-03 02:57:26 - root - INFO - Planning and moving to xyz facing down ur5e_2 from [-1.56417438e+00 -1.56694744e+00 -4.97276278e-04 -1.56588207e+00
  1.05265287e-05 -1.99549302e-06] to [1.3053568401197666, -0.7628281886832878, 1.4092043517659945, 4.066012070201195, -1.5707964017521125, -0.2654395607950183] target: [-0.7, -0.6, 0.13]
2025-03-03 02:57:26 - root - INFO - Planning and movingJ ur5e_2 from [-1.56417438e+00 -1.56694744e+00 -4.97276278e-04 -1.56588207e+00
  1.05265287e-05 -1.99549302e-06] to [1.3053568401197666, -0.7628281886832878, 1.4092043517659945, 4.066012070201195, -1.5707964017521125, -0.2654395607950183]
2025-03-03 02:57:26 - root - INFO - MovingJ ur5e_2 from [-1.56417438e+00 -1.56694744e+00 -4.97276278e-04 -1.56588207e+00
  1.05265287e-05 -1.99549302e-06] to [1.3053568401197666, -0.7628281886832878, 1.4092043517659945, 4.066012070201195, -1.5707964017521125, -0.2654395607950183]
2025-03-03 02:57:31 - root - INFO - MovingL ur5e_2 from [-0.68863556 -0.59623267  0.13444994] to [-0.7  -0.6   0.03]
2025-03-03 02:57:36 - root - WARNING - Linear movement for ur5e_2 completed, but target not reached within tolerance after 400 attempts
2025-03-03 02:57:36 - root - INFO - MovingJ ur5e_2 from [ 1.30144187 -0.61250721  1.40393025  3.89373649 -1.57104979 -0.26547405] to [ 1.29047996 -0.76161629  1.40345419  4.03708117 -1.56255161 -0.26404748]
2025-03-03 02:57:37 - root - INFO - Planning and moving to xyz facing down ur5e_2 from [ 1.30130859 -0.66142308  1.40515977  3.94633769 -1.57108816 -0.26547966] to [0.9812474921230387, -1.5126597019734342, 2.5976984271744525, 3.6273487698643425, -1.570796343133488, -0.589548620078951] target: [-0.7, -1, 0.15]
2025-03-03 02:57:37 - root - INFO - Planning and movingJ ur5e_2 from [ 1.30130859 -0.66142308  1.40515977  3.94633769 -1.57108816 -0.26547966] to [0.9812474921230387, -1.5126597019734342, 2.5976984271744525, 3.6273487698643425, -1.570796343133488, -0.589548620078951]
2025-03-03 02:57:37 - root - INFO - MovingJ ur5e_2 from [ 1.30130859 -0.66142308  1.40515977  3.94633769 -1.57108816 -0.26547966] to [0.9812474921230387, -1.5126597019734342, 2.5976984271744525, 3.6273487698643425, -1.570796343133488, -0.589548620078951]
2025-03-03 02:57:41 - root - INFO - put down block at (-0.7, -1) start_height 0.2
2025-03-03 02:57:41 - root - INFO - Planning and moving to xyz facing down ur5e_2 from [ 0.98186161 -1.50971647  2.59642667  3.62849852 -1.57081685 -0.58893716] to [0.9812408260861535, -1.6917646649670963, 2.5409760881736876, 3.8631762446609073, -1.5707961358729905, -0.5895554709102767] target: [-0.7, -1, 0.2]
2025-03-03 02:57:41 - root - INFO - Planning and movingJ ur5e_2 from [ 0.98186161 -1.50971647  2.59642667  3.62849852 -1.57081685 -0.58893716] to [0.9812408260861535, -1.6917646649670963, 2.5409760881736876, 3.8631762446609073, -1.5707961358729905, -0.5895554709102767]
2025-03-03 02:57:41 - root - INFO - MovingJ ur5e_2 from [ 0.98186161 -1.50971647  2.59642667  3.62849852 -1.57081685 -0.58893716] to [0.9812408260861535, -1.6917646649670963, 2.5409760881736876, 3.8631762446609073, -1.5707961358729905, -0.5895554709102767]
2025-03-03 02:57:42 - root - INFO - MovingL ur5e_2 from [-0.6999599  -0.99980839  0.19272785] to [-0.7        -1.          0.06978449]
2025-03-03 02:57:44 - root - INFO - MovingJ ur5e_2 from [ 0.98122105 -1.16018063  2.63366508  3.24958306 -1.57079638 -0.58953752] to [ 0.98148737 -1.66812813  2.54908505  3.83432421 -1.57080371 -0.58932923]
2025-03-03 02:57:45 - root - INFO - pick up block at (-0.7, -0.7) start_height 0.13
2025-03-03 02:57:45 - root - INFO - Planning and moving to xyz facing down ur5e_2 from [ 0.98138182 -1.58104651  2.56435606  3.7362789  -1.5707977  -0.58949948] to [1.2631286025486899, -0.9409126303354244, 1.7580709465744466, 3.895229938164199, -1.5707962672265936, -0.3076676926472895] target: [-0.7, -0.7, 0.13]
2025-03-03 02:57:45 - root - INFO - Planning and movingJ ur5e_2 from [ 0.98138182 -1.58104651  2.56435606  3.7362789  -1.5707977  -0.58949948] to [1.2631286025486899, -0.9409126303354244, 1.7580709465744466, 3.895229938164199, -1.5707962672265936, -0.3076676926472895]
2025-03-03 02:57:45 - root - INFO - MovingJ ur5e_2 from [ 0.98138182 -1.58104651  2.56435606  3.7362789  -1.5707977  -0.58949948] to [1.2631286025486899, -0.9409126303354244, 1.7580709465744466, 3.895229938164199, -1.5707962672265936, -0.3076676926472895]
2025-03-03 02:57:47 - root - INFO - MovingL ur5e_2 from [-0.69693562 -0.71043184  0.1309225 ] to [-0.7  -0.7   0.03]
2025-03-03 02:57:52 - root - WARNING - Linear movement for ur5e_2 completed, but target not reached within tolerance after 400 attempts
2025-03-03 02:57:53 - root - INFO - MovingJ ur5e_2 from [ 1.25954342 -0.77003019  1.74961147  3.68542569 -1.57022325 -0.3076956 ] to [ 1.25314479 -0.95946372  1.78799709  3.89015796 -1.57079273 -0.31762372]
2025-03-03 02:57:53 - root - INFO - Planning and moving to xyz facing down ur5e_2 from [ 1.25953077 -0.86293063  1.77018177  3.79084298 -1.57018226 -0.30769065] to [0.98124600376913, -1.8254549940609965, 2.4642970102151374, 4.0735460718129, -1.5707962881802682, -0.589550319779339] target: [-0.7, -1, 0.25]
2025-03-03 02:57:53 - root - INFO - Planning and movingJ ur5e_2 from [ 1.25953077 -0.86293063  1.77018177  3.79084298 -1.57018226 -0.30769065] to [0.98124600376913, -1.8254549940609965, 2.4642970102151374, 4.0735460718129, -1.5707962881802682, -0.589550319779339]
2025-03-03 02:57:53 - root - INFO - MovingJ ur5e_2 from [ 1.25953077 -0.86293063  1.77018177  3.79084298 -1.57018226 -0.30769065] to [0.98124600376913, -1.8254549940609965, 2.4642970102151374, 4.0735460718129, -1.5707962881802682, -0.589550319779339]
2025-03-03 02:57:57 - root - INFO - put down block at (-0.7, -1) start_height 0.3
2025-03-03 02:57:57 - root - INFO - Planning and moving to xyz facing down ur5e_2 from [ 0.9820152  -1.82250613  2.46397309  4.07332527 -1.57074469 -0.5887843 ] to [0.9812402515944054, -1.9179317591495215, 2.3725336328481172, 4.257786569876052, -1.5707961169009916, -0.5895560465286274] target: [-0.7, -1, 0.3]
2025-03-03 02:57:57 - root - INFO - Planning and movingJ ur5e_2 from [ 0.9820152  -1.82250613  2.46397309  4.07332527 -1.57074469 -0.5887843 ] to [0.9812402515944054, -1.9179317591495215, 2.3725336328481172, 4.257786569876052, -1.5707961169009916, -0.5895560465286274]
2025-03-03 02:57:57 - root - INFO - MovingJ ur5e_2 from [ 0.9820152  -1.82250613  2.46397309  4.07332527 -1.57074469 -0.5887843 ] to [0.9812402515944054, -1.9179317591495215, 2.3725336328481172, 4.257786569876052, -1.5707961169009916, -0.5895560465286274]
2025-03-03 02:57:58 - root - INFO - MovingL ur5e_2 from [-0.6999501  -0.99973737  0.29066555] to [-0.7        -1.          0.06978449]
2025-03-03 02:58:02 - root - INFO - MovingJ ur5e_2 from [ 0.98121896 -1.15979918  2.63359752  3.24927127 -1.57079637 -0.58954017] to [ 0.98157957 -1.90219627  2.3891282   4.22804458 -1.57077423 -0.58922755]
2025-03-03 02:58:03 - root - INFO - pick up block at (-0.7, -0.8) start_height 0.13
2025-03-03 02:58:03 - root - INFO - Planning and moving to xyz facing down ur5e_2 from [ 0.98146363 -1.82878123  2.41465158  4.13270344 -1.570789   -0.58943637] to [1.2048890452261238, -1.1017544899731886, 2.0633658418657466, 3.7507774147256114, -1.5707963005337944, -0.3659072922192847] target: [-0.7, -0.8, 0.13]
2025-03-03 02:58:03 - root - INFO - Planning and movingJ ur5e_2 from [ 0.98146363 -1.82878123  2.41465158  4.13270344 -1.570789   -0.58943637] to [1.2048890452261238, -1.1017544899731886, 2.0633658418657466, 3.7507774147256114, -1.5707963005337944, -0.3659072922192847]
2025-03-03 02:58:03 - root - INFO - MovingJ ur5e_2 from [ 0.98146363 -1.82878123  2.41465158  4.13270344 -1.570789   -0.58943637] to [1.2048890452261238, -1.1017544899731886, 2.0633658418657466, 3.7507774147256114, -1.5707963005337944, -0.3659072922192847]
2025-03-03 02:58:05 - root - INFO - MovingL ur5e_2 from [-0.6975925  -0.80771441  0.13753519] to [-0.7  -0.8   0.03]
2025-03-03 02:58:10 - root - WARNING - Linear movement for ur5e_2 completed, but target not reached within tolerance after 400 attempts
2025-03-03 02:58:10 - root - INFO - MovingJ ur5e_2 from [ 1.20198008 -0.87168487  2.05956779  3.49937204 -1.57088737 -0.36588563] to [ 1.19505679 -1.13041133  2.08004274  3.76803521 -1.57079151 -0.37568224]
2025-03-03 02:58:11 - root - INFO - Planning and moving to xyz facing down ur5e_2 from [ 1.20202282 -1.03385885  2.06062584  3.6729188  -1.57089107 -0.36588569] to [0.9812445114830388, -1.976593664722556, 2.269021528944374, 4.419960164112412, -1.5707962423651314, -0.5895518393895952] target: [-0.7, -1, 0.35]
2025-03-03 02:58:11 - root - INFO - Planning and movingJ ur5e_2 from [ 1.20202282 -1.03385885  2.06062584  3.6729188  -1.57089107 -0.36588569] to [0.9812445114830388, -1.976593664722556, 2.269021528944374, 4.419960164112412, -1.5707962423651314, -0.5895518393895952]
2025-03-03 02:58:11 - root - INFO - MovingJ ur5e_2 from [ 1.20202282 -1.03385885  2.06062584  3.6729188  -1.57089107 -0.36588569] to [0.9812445114830388, -1.976593664722556, 2.269021528944374, 4.419960164112412, -1.5707962423651314, -0.5895518393895952]
2025-03-03 02:58:15 - root - INFO - put down block at (-0.7, -1) start_height 0.39999999999999997
2025-03-03 02:58:15 - root - INFO - Planning and moving to xyz facing down ur5e_2 from [ 0.98196541 -1.97370676  2.27018817  4.41810839 -1.57080591 -0.58883407] to [0.9812420235695564, -2.008618253960086, 2.15574815182751, 4.5652585232589065, -1.5707961704628823, -0.589554285134918] target: [-0.7, -1, 0.39999999999999997]
2025-03-03 02:58:15 - root - INFO - Planning and movingJ ur5e_2 from [ 0.98196541 -1.97370676  2.27018817  4.41810839 -1.57080591 -0.58883407] to [0.9812420235695564, -2.008618253960086, 2.15574815182751, 4.5652585232589065, -1.5707961704628823, -0.589554285134918]
2025-03-03 02:58:15 - root - INFO - MovingJ ur5e_2 from [ 0.98196541 -1.97370676  2.27018817  4.41810839 -1.57080591 -0.58883407] to [0.9812420235695564, -2.008618253960086, 2.15574815182751, 4.5652585232589065, -1.5707961704628823, -0.589554285134918]
2025-03-03 02:58:16 - root - INFO - MovingL ur5e_2 from [-0.69990774 -0.99966577  0.38844561] to [-0.7        -1.          0.06978449]
2025-03-03 02:58:20 - root - INFO - MovingJ ur5e_2 from [ 0.98121613 -1.16049121  2.63352726  3.25003257 -1.57079637 -0.58954209] to [ 0.98160303 -2.00161996  2.18119546  4.53529349 -1.57080099 -0.58919765]
2025-03-03 02:58:22 - root - INFO - pick up block at (-0.7, -0.9) start_height 0.13
2025-03-03 02:58:22 - root - INFO - Planning and moving to xyz facing down ur5e_2 from [ 0.98148062 -1.93780861  2.21725645  4.43874303 -1.57079803 -0.58941641] to [1.1193412787412853, -1.2587067916815717, 2.3448183154866222, 3.6262707692661245, -1.5707957750079184, -0.45145521806242994] target: [-0.7, -0.9, 0.13]
2025-03-03 02:58:22 - root - INFO - Planning and movingJ ur5e_2 from [ 0.98148062 -1.93780861  2.21725645  4.43874303 -1.57079803 -0.58941641] to [1.1193412787412853, -1.2587067916815717, 2.3448183154866222, 3.6262707692661245, -1.5707957750079184, -0.45145521806242994]
2025-03-03 02:58:22 - root - INFO - MovingJ ur5e_2 from [ 0.98148062 -1.93780861  2.21725645  4.43874303 -1.57079803 -0.58941641] to [1.1193412787412853, -1.2587067916815717, 2.3448183154866222, 3.6262707692661245, -1.5707957750079184, -0.45145521806242994]
2025-03-03 02:58:24 - root - INFO - MovingL ur5e_2 from [-0.69817971 -0.90084288  0.13683409] to [-0.7  -0.9   0.03]
2025-03-03 02:58:28 - root - INFO - MovingJ ur5e_2 from [ 1.11906457 -0.94143256  2.34838119  3.3027296  -1.57038452 -0.45138421] to [ 1.11449586 -1.27996187  2.34152549  3.65510361 -1.57079467 -0.45625494]
2025-03-03 02:58:29 - root - INFO - Planning and moving to xyz facing down ur5e_2 from [ 1.11914612 -1.18256139  2.34921676  3.55804006 -1.5703844  -0.45138424] to [0.9812443425450043, -2.019546579787766, 2.0335958276136017, 4.698339485526215, -1.5707962422332349, -0.5895520803393112] target: [-0.7, -1, 0.45000000000000007]
2025-03-03 02:58:29 - root - INFO - Planning and movingJ ur5e_2 from [ 1.11914612 -1.18256139  2.34921676  3.55804006 -1.5703844  -0.45138424] to [0.9812443425450043, -2.019546579787766, 2.0335958276136017, 4.698339485526215, -1.5707962422332349, -0.5895520803393112]
2025-03-03 02:58:29 - root - INFO - MovingJ ur5e_2 from [ 1.11914612 -1.18256139  2.34921676  3.55804006 -1.5703844  -0.45138424] to [0.9812443425450043, -2.019546579787766, 2.0335958276136017, 4.698339485526215, -1.5707962422332349, -0.5895520803393112]
2025-03-03 02:58:33 - root - INFO - put down block at (-0.7, -1) start_height 0.5000000000000001
2025-03-03 02:58:33 - root - INFO - Planning and moving to xyz facing down ur5e_2 from [ 0.98167844 -2.01725349  2.03648595  4.69537577 -1.57075157 -0.58912715] to [0.9812431334584226, -2.0133860015787945, 1.9026223070958799, 4.823151876943471, -1.5707962040741947, -0.5895531882530084] target: [-0.7, -1, 0.5000000000000001]
2025-03-03 02:58:33 - root - INFO - Planning and movingJ ur5e_2 from [ 0.98167844 -2.01725349  2.03648595  4.69537577 -1.57075157 -0.58912715] to [0.9812431334584226, -2.0133860015787945, 1.9026223070958799, -1.4600334302361153, -1.5707962040741947, -0.5895531882530084]
2025-03-03 02:58:33 - root - INFO - MovingJ ur5e_2 from [ 0.98167844 -2.01725349  2.03648595  4.69537577 -1.57075157 -0.58912715] to [0.9812431334584226, -2.0133860015787945, 1.9026223070958799, -1.4600334302361153, -1.5707962040741947, -0.5895531882530084]
2025-03-03 02:58:38 - root - INFO - MovingL ur5e_2 from [-0.70193413 -1.00284361  0.49628951] to [-0.7        -1.          0.06978449]
2025-03-03 02:58:43 - root - WARNING - Linear movement for ur5e_2 completed, but target not reached within tolerance after 400 attempts
2025-03-03 02:58:43 - root - INFO - MovingJ ur5e_2 from [ 0.98117983 -1.21828056  2.63071508 -2.97278161 -1.57079634 -0.58954199] to [ 0.98133162 -2.01452033  1.90513047 -1.43124745 -1.57078684 -0.58946368]
