2025-03-03 16:13:27 - root - INFO - Logging setup complete for task1
2025-03-03 16:13:28 - root - INFO - MovingJ ur5e_2 from [-1.56417438e+00 -1.56694744e+00 -4.97276278e-04 -1.56588207e+00
  1.05265287e-05 -1.99549302e-06] to [1.305356658502026, -0.7908733209856437, 1.4010098471710881, 4.102251451313659, -1.5707962412281837, -0.26543967541515895]
2025-03-03 16:13:46 - root - WARNING - Movement for ur5e_2 timed out before reaching the target joints.
2025-03-03 16:13:46 - root - INFO - pick up block at (-0.7, -0.6) start_height 0.15
2025-03-03 16:13:46 - root - INFO - Planning and moving to xyz facing down ur5e_2 from [ 1.30535666 -0.78562018  1.40261191  4.10279703 -1.57079624 -0.26543968] to [1.3053578770225713, -0.7908644629543412, 1.4009919392688075, 4.102261479303667, -1.5707963282706245, -0.26543844261952404] target: [-0.7, -0.6, 0.15]
2025-03-03 16:13:46 - root - INFO - Planning and movingJ ur5e_2 from [ 1.30535666 -0.78562018  1.40261191  4.10279703 -1.57079624 -0.26543968] to [1.3053578770225713, -0.7908644629543412, 1.4009919392688075, 4.102261479303667, -1.5707963282706245, -0.26543844261952404]
2025-03-03 16:13:46 - root - INFO - MovingJ ur5e_2 from [ 1.30535666 -0.78562018  1.40261191  4.10279703 -1.57079624 -0.26543968] to [1.3053578770225713, -0.7908644629543412, 1.4009919392688075, 4.102261479303667, -1.5707963282706245, -0.26543844261952404]
2025-03-03 16:13:46 - root - INFO - MovingL ur5e_2 from [-0.70019434 -0.6007106   0.14531619] to [-0.7  -0.6   0.05]
2025-03-03 16:13:52 - root - WARNING - Linear movement for ur5e_2 completed, but target not reached within tolerance after 400 attempts
2025-03-03 16:13:52 - root - INFO - MovingJ ur5e_2 from [ 1.30542324 -0.63948638  1.41324026  3.9272094  -1.57082229 -0.26543821] to [ 1.3053594  -0.78541555  1.40267254  4.10281435 -1.57079625 -0.26543968]
2025-03-03 16:13:52 - root - INFO - Planning and moving to xyz facing down ur5e_2 from [ 1.30540239 -0.70011004  1.41446024  4.00616516 -1.57082245 -0.26543821] to [1.337383784259587, -0.5644307613533054, 0.9566598717309429, 4.320158702926856, -1.5707962178338726, -0.23341255037645608] target: [-0.7, -0.5, 0.15]
2025-03-03 16:13:52 - root - INFO - Planning and movingJ ur5e_2 from [ 1.30540239 -0.70011004  1.41446024  4.00616516 -1.57082245 -0.26543821] to [1.337383784259587, -0.5644307613533054, 0.9566598717309429, 4.320158702926856, -1.5707962178338726, -0.23341255037645608]
2025-03-03 16:13:52 - root - INFO - MovingJ ur5e_2 from [ 1.30540239 -0.70011004  1.41446024  4.00616516 -1.57082245 -0.26543821] to [1.337383784259587, -0.5644307613533054, 0.9566598717309429, 4.320158702926856, -1.5707962178338726, -0.23341255037645608]
2025-03-03 16:13:56 - root - WARNING - Movement for ur5e_2 timed out before reaching the target joints.
2025-03-03 16:13:56 - root - INFO - put down block at (-0.7, -0.5) start_height 0.2
2025-03-03 16:13:56 - root - INFO - Planning and moving to xyz facing down ur5e_2 from [ 1.33737973 -0.55862295  0.95829908  4.32053155 -1.57079632 -0.23341574] to [1.3373830960662834, -0.6142506689348932, 0.9185784401085957, 4.408059253036982, -1.570796164062225, -0.2334132219993182] target: [-0.7, -0.5, 0.2]
2025-03-03 16:13:56 - root - INFO - Planning and movingJ ur5e_2 from [ 1.33737973 -0.55862295  0.95829908  4.32053155 -1.57079632 -0.23341574] to [1.3373830960662834, -0.6142506689348932, 0.9185784401085957, 4.408059253036982, -1.570796164062225, -0.2334132219993182]
2025-03-03 16:13:56 - root - INFO - MovingJ ur5e_2 from [ 1.33737973 -0.55862295  0.95829908  4.32053155 -1.57079632 -0.23341574] to [1.3373830960662834, -0.6142506689348932, 0.9185784401085957, 4.408059253036982, -1.570796164062225, -0.2334132219993182]
2025-03-03 16:13:56 - root - INFO - MovingL ur5e_2 from [-0.70000797 -0.50005319  0.17623031] to [-0.7        -0.5         0.06978449]
2025-03-03 16:13:58 - root - INFO - MovingJ ur5e_2 from [ 1.33737404 -0.45537742  0.9825153   4.21146707 -1.57079606 -0.23341078] to [ 1.33737957 -0.59033245  0.93349658  4.37878534 -1.57079626 -0.23341491]
2025-03-03 16:13:59 - root - INFO - pick up block at (-0.7, -0.7) start_height 0.15
2025-03-03 16:13:59 - root - INFO - Planning and moving to xyz facing down ur5e_2 from [ 1.33738588 -0.50586217  0.96365635  4.28109928 -1.5707962  -0.23341075] to [1.2631259378407187, -0.975120182314062, 1.7498638826572896, 3.937643697566587, -1.5707961188975461, -0.30767054516518044] target: [-0.7, -0.7, 0.15]
2025-03-03 16:13:59 - root - INFO - Planning and movingJ ur5e_2 from [ 1.33738588 -0.50586217  0.96365635  4.28109928 -1.5707962  -0.23341075] to [1.2631259378407187, -0.975120182314062, 1.7498638826572896, 3.937643697566587, -1.5707961188975461, -0.30767054516518044]
2025-03-03 16:13:59 - root - INFO - MovingJ ur5e_2 from [ 1.33738588 -0.50586217  0.96365635  4.28109928 -1.5707962  -0.23341075] to [1.2631259378407187, -0.975120182314062, 1.7498638826572896, 3.937643697566587, -1.5707961188975461, -0.30767054516518044]
2025-03-03 16:14:00 - root - INFO - MovingL ur5e_2 from [-0.69911479 -0.69108916  0.14548561] to [-0.7  -0.7   0.05]
2025-03-03 16:14:05 - root - WARNING - Linear movement for ur5e_2 completed, but target not reached within tolerance after 400 attempts
2025-03-03 16:14:06 - root - INFO - MovingJ ur5e_2 from [ 1.26320294 -0.79323124  1.76224698  3.73070884 -1.57083042 -0.30766641] to [ 1.26608555 -0.95189883  1.72000276  3.95181831 -1.57079789 -0.30472369]
2025-03-03 16:14:06 - root - INFO - Planning and moving to xyz facing down ur5e_2 from [ 1.26319016 -0.87657908  1.7400294   3.85315387 -1.57083081 -0.3076664 ] to [1.3373847414214999, -0.6142270115348191, 0.9185277705226884, 4.408087887260256, -1.5707962958882096, -0.23341159069279638] target: [-0.7, -0.5, 0.2]
2025-03-03 16:14:06 - root - INFO - Planning and movingJ ur5e_2 from [ 1.26319016 -0.87657908  1.7400294   3.85315387 -1.57083081 -0.3076664 ] to [1.3373847414214999, -0.6142270115348191, 0.9185277705226884, 4.408087887260256, -1.5707962958882096, -0.23341159069279638]
2025-03-03 16:14:06 - root - INFO - MovingJ ur5e_2 from [ 1.26319016 -0.87657908  1.7400294   3.85315387 -1.57083081 -0.3076664 ] to [1.3373847414214999, -0.6142270115348191, 0.9185277705226884, 4.408087887260256, -1.5707962958882096, -0.23341159069279638]
2025-03-03 16:14:12 - root - WARNING - Movement for ur5e_2 timed out before reaching the target joints.
2025-03-03 16:14:12 - root - INFO - put down block at (-0.7, -0.5) start_height 0.25
2025-03-03 16:14:12 - root - INFO - Planning and moving to xyz facing down ur5e_2 from [ 1.33738388 -0.6084931   0.92016991  4.40849164 -1.5707963  -0.23341161] to [1.3373825893654725, -0.6525832231821763, 0.8597208775411961, 4.505248892924103, -1.5707961232608763, -0.23341372707686037] target: [-0.7, -0.5, 0.25]
2025-03-03 16:14:12 - root - INFO - Planning and movingJ ur5e_2 from [ 1.33738388 -0.6084931   0.92016991  4.40849164 -1.5707963  -0.23341161] to [1.3373825893654725, -0.6525832231821763, 0.8597208775411961, 4.505248892924103, -1.5707961232608763, -0.23341372707686037]
2025-03-03 16:14:12 - root - INFO - MovingJ ur5e_2 from [ 1.33738388 -0.6084931   0.92016991  4.40849164 -1.5707963  -0.23341161] to [1.3373825893654725, -0.6525832231821763, 0.8597208775411961, 4.505248892924103, -1.5707961232608763, -0.23341372707686037]
2025-03-03 16:14:13 - root - INFO - MovingL ur5e_2 from [-0.69990907 -0.49962613  0.22783222] to [-0.7        -0.5         0.08978449]
2025-03-03 16:14:15 - root - INFO - MovingJ ur5e_2 from [ 1.33737756 -0.4910601   0.97486761  4.23642154 -1.57079592 -0.2334104 ] to [ 1.33738267 -0.6338764   0.87990995  4.47578309 -1.57079609 -0.23341238]
2025-03-03 16:14:16 - root - INFO - pick up block at (-0.7, -0.8) start_height 0.15
2025-03-03 16:14:16 - root - INFO - Planning and moving to xyz facing down ur5e_2 from [ 1.33739806 -0.56895032  0.92096428  4.37636902 -1.57079599 -0.23341039] to [1.2048890235280652, -1.144643417719871, 2.054209682758902, 3.8028225024727242, -1.5707963001630687, -0.3659073191791553] target: [-0.7, -0.8, 0.15]
2025-03-03 16:14:16 - root - INFO - Planning and movingJ ur5e_2 from [ 1.33739806 -0.56895032  0.92096428  4.37636902 -1.57079599 -0.23341039] to [1.2048890235280652, -1.144643417719871, 2.054209682758902, 3.8028225024727242, -1.5707963001630687, -0.3659073191791553]
2025-03-03 16:14:16 - root - INFO - MovingJ ur5e_2 from [ 1.33739806 -0.56895032  0.92096428  4.37636902 -1.57079599 -0.23341039] to [1.2048890235280652, -1.144643417719871, 2.054209682758902, 3.8028225024727242, -1.5707963001630687, -0.3659073191791553]
2025-03-03 16:14:17 - root - INFO - MovingL ur5e_2 from [-0.69843256 -0.79077683  0.14839285] to [-0.7  -0.8   0.05]
2025-03-03 16:14:23 - root - WARNING - Linear movement for ur5e_2 completed, but target not reached within tolerance after 400 attempts
2025-03-03 16:14:23 - root - INFO - MovingJ ur5e_2 from [ 1.20496916 -0.91757288  2.06872839  3.54733188 -1.57083293 -0.36590636] to [ 1.20838246 -1.12584687  2.02571925  3.81840504 -1.57079839 -0.36243559]
2025-03-03 16:14:24 - root - INFO - Planning and moving to xyz facing down ur5e_2 from [ 1.20495913 -1.04534087  2.04252755  3.71870466 -1.57083365 -0.36590636] to [1.3373836020437535, -0.6525668728554817, 0.8596860711092864, 4.505268386527601, -1.5707962029599745, -0.2334127326319323] target: [-0.7, -0.5, 0.25]
2025-03-03 16:14:24 - root - INFO - Planning and movingJ ur5e_2 from [ 1.20495913 -1.04534087  2.04252755  3.71870466 -1.57083365 -0.36590636] to [1.3373836020437535, -0.6525668728554817, 0.8596860711092864, 4.505268386527601, -1.5707962029599745, -0.2334127326319323]
2025-03-03 16:14:24 - root - INFO - MovingJ ur5e_2 from [ 1.20495913 -1.04534087  2.04252755  3.71870466 -1.57083365 -0.36590636] to [1.3373836020437535, -0.6525668728554817, 0.8596860711092864, 4.505268386527601, -1.5707962029599745, -0.2334127326319323]
2025-03-03 16:14:31 - root - WARNING - Movement for ur5e_2 timed out before reaching the target joints.
2025-03-03 16:14:31 - root - INFO - put down block at (-0.7, -0.5) start_height 0.3
2025-03-03 16:14:31 - root - INFO - Planning and moving to xyz facing down ur5e_2 from [ 1.33738276 -0.64690468  0.86136863  4.5056723  -1.57079621 -0.23341274] to [1.3373816724766108, -0.6772033817055865, 0.7765556809172143, 4.6130333789510045, -1.570796049551934, -0.23341463905481136] target: [-0.7, -0.5, 0.3]
2025-03-03 16:14:31 - root - INFO - Planning and movingJ ur5e_2 from [ 1.33738276 -0.64690468  0.86136863  4.5056723  -1.57079621 -0.23341274] to [1.3373816724766108, -0.6772033817055865, 0.7765556809172143, 4.6130333789510045, -1.570796049551934, -0.23341463905481136]
2025-03-03 16:14:31 - root - INFO - MovingJ ur5e_2 from [ 1.33738276 -0.64690468  0.86136863  4.5056723  -1.57079621 -0.23341274] to [1.3373816724766108, -0.6772033817055865, 0.7765556809172143, 4.6130333789510045, -1.570796049551934, -0.23341463905481136]
2025-03-03 16:14:31 - root - INFO - MovingL ur5e_2 from [-0.69980581 -0.4991947   0.27974918] to [-0.7      -0.5       0.129168]
2025-03-03 16:14:34 - root - INFO - MovingJ ur5e_2 from [ 1.33736578 -0.5370959   0.96228821  4.29872351 -1.57079486 -0.23340965] to [ 1.33738182 -0.66380066  0.80131617  4.58411303 -1.57079583 -0.23341354]
2025-03-03 16:14:34 - root - INFO - pick up block at (-0.7, -0.9) start_height 0.15
2025-03-03 16:14:34 - root - INFO - Planning and moving to xyz facing down ur5e_2 from [ 1.33738599 -0.61475623  0.85825045  4.4866419  -1.57079498 -0.23340964] to [1.1193504465903772, -1.3155495633016627, 2.333524185548802, 3.6944129422663003, -1.5707961531006633, -0.45144607351037486] target: [-0.7, -0.9, 0.15]
2025-03-03 16:14:34 - root - INFO - Planning and movingJ ur5e_2 from [ 1.33738599 -0.61475623  0.85825045  4.4866419  -1.57079498 -0.23340964] to [1.1193504465903772, -1.3155495633016627, 2.333524185548802, 3.6944129422663003, -1.5707961531006633, -0.45144607351037486]
2025-03-03 16:14:34 - root - INFO - MovingJ ur5e_2 from [ 1.33738599 -0.61475623  0.85825045  4.4866419  -1.57079498 -0.23340964] to [1.1193504465903772, -1.3155495633016627, 2.333524185548802, 3.6944129422663003, -1.5707961531006633, -0.45144607351037486]
2025-03-03 16:14:36 - root - INFO - MovingL ur5e_2 from [-0.6973886  -0.89027241  0.15011887] to [-0.7  -0.9   0.05]
2025-03-03 16:14:38 - root - INFO - MovingJ ur5e_2 from [ 1.11950683 -1.01588112  2.35334145  3.36474936 -1.57079481 -0.45136571] to [ 1.12382973 -1.29849565  2.30451683  3.7111253  -1.57079853 -0.44700044]
2025-03-03 16:14:39 - root - INFO - Planning and moving to xyz facing down ur5e_2 from [ 1.11950728 -1.21540184  2.31912786  3.61316687 -1.57079632 -0.4513657 ] to [1.3373844114193458, -0.677154883983994, 0.776453555045385, 4.613089653355396, -1.5707962691543986, -0.23341191932992436] target: [-0.7, -0.5, 0.30000000000000004]
2025-03-03 16:14:39 - root - INFO - Planning and movingJ ur5e_2 from [ 1.11950728 -1.21540184  2.31912786  3.61316687 -1.57079632 -0.4513657 ] to [1.3373844114193458, -0.677154883983994, 0.776453555045385, 4.613089653355396, -1.5707962691543986, -0.23341191932992436]
2025-03-03 16:14:39 - root - INFO - MovingJ ur5e_2 from [ 1.11950728 -1.21540184  2.31912786  3.61316687 -1.57079632 -0.4513657 ] to [1.3373844114193458, -0.677154883983994, 0.776453555045385, 4.613089653355396, -1.5707962691543986, -0.23341191932992436]
2025-03-03 16:14:47 - root - WARNING - Movement for ur5e_2 timed out before reaching the target joints.
2025-03-03 16:14:47 - root - INFO - put down block at (-0.7, -0.5) start_height 0.35000000000000003
2025-03-03 16:14:47 - root - INFO - Planning and moving to xyz facing down ur5e_2 from [ 1.33738358 -0.67154008  0.77816389  4.61349362 -1.57079628 -0.23341192] to [1.337384616497762, -0.6840026292014685, 0.6614325706579063, 4.73495857521346, -1.5707962859425857, -0.23341171355590476] target: [-0.7, -0.5, 0.35000000000000003]
2025-03-03 16:14:47 - root - INFO - Planning and movingJ ur5e_2 from [ 1.33738358 -0.67154008  0.77816389  4.61349362 -1.57079628 -0.23341192] to [1.337384616497762, -0.6840026292014685, 0.6614325706579063, -1.5482267319661265, -1.5707962859425857, -0.23341171355590476]
2025-03-03 16:14:47 - root - INFO - MovingJ ur5e_2 from [ 1.33738358 -0.67154008  0.77816389  4.61349362 -1.57079628 -0.23341192] to [1.337384616497762, -0.6840026292014685, 0.6614325706579063, -1.5482267319661265, -1.5707962859425857, -0.23341171355590476]
2025-03-03 16:14:52 - root - INFO - MovingL ur5e_2 from [-0.70052581 -0.50221326  0.34125136] to [-0.7        -0.5         0.16825268]
2025-03-03 16:14:54 - root - INFO - MovingJ ur5e_2 from [ 1.33736111 -0.57761075  0.93877019 -1.91759888 -1.57079941 -0.23340876] to [ 1.33738467 -0.67829862  0.66373939 -1.51821365 -1.57079637 -0.23341177]
