2025-03-03 01:55:31 - root - INFO - Logging setup complete for task1
2025-03-03 01:55:32 - root - INFO - pick up block at (-0.7, -0.6) start_height 0.13
2025-03-03 01:55:32 - root - INFO - Planning and moving to xyz facing down ur5e_2 from [-1.56417438e+00 -1.56694744e+00 -4.97276278e-04 -1.56588207e+00
  1.05265287e-05 -1.99549302e-06] to [1.305356128202328, -0.762834437103418, 1.4092186728558869, -2.217182061044928, -1.5707961998042734, -0.26544019130193425] target: [-0.7, -0.6, 0.13]
2025-03-03 01:55:32 - root - INFO - Planning and movingJ ur5e_2 from [-1.56417438e+00 -1.56694744e+00 -4.97276278e-04 -1.56588207e+00
  1.05265287e-05 -1.99549302e-06] to [1.305356128202328, -0.762834437103418, 1.4092186728558869, -2.217182061044928, -1.5707961998042734, -0.26544019130193425]
2025-03-03 01:55:32 - root - INFO - MovingJ ur5e_2 from [-1.56417438e+00 -1.56694744e+00 -4.97276278e-04 -1.56588207e+00
  1.05265287e-05 -1.99549302e-06] to [1.305356128202328, -0.762834437103418, 1.4092186728558869, -2.217182061044928, -1.5707961998042734, -0.26544019130193425]
2025-03-03 01:55:36 - root - INFO - MovingL ur5e_2 from [-0.67869117 -0.59805155  0.13688236] to [-0.7  -0.6   0.03]
2025-03-03 01:55:41 - root - WARNING - Linear movement for ur5e_2 completed, but target not reached within tolerance after 400 attempts
2025-03-03 01:55:41 - root - INFO - MovingJ ur5e_2 from [ 1.30158999 -0.60035227  1.41075362 -2.38407195 -1.57148068 -0.26551833] to [ 1.27546432 -0.76581198  1.39605246 -2.20972404 -1.55425943 -0.26264724]
2025-03-03 01:55:42 - root - WARNING - Failed to pick up block at [-0.7, -0.6, 0.03]
2025-03-03 01:55:42 - root - INFO - pick up block at (-0.7, -0.7) start_height 0.13
2025-03-03 01:55:42 - root - INFO - Planning and moving to xyz facing down ur5e_2 from [ 1.28982028 -0.66875328  1.41221826 -2.30513913 -1.57149333 -0.26551787] to [1.2631256285107506, -0.9409284832796045, 1.758118526788847, -2.3879911087514167, -1.5707961696900228, -0.3076703015012351] target: [-0.7, -0.7, 0.13]
2025-03-03 01:55:42 - root - INFO - Planning and movingJ ur5e_2 from [ 1.28982028 -0.66875328  1.41221826 -2.30513913 -1.57149333 -0.26551787] to [1.2631256285107506, -0.9409284832796045, 1.758118526788847, -2.3879911087514167, -1.5707961696900228, -0.3076703015012351]
2025-03-03 01:55:42 - root - INFO - MovingJ ur5e_2 from [ 1.28982028 -0.66875328  1.41221826 -2.30513913 -1.57149333 -0.26551787] to [1.2631256285107506, -0.9409284832796045, 1.758118526788847, -2.3879911087514167, -1.5707961696900228, -0.3076703015012351]
2025-03-03 01:55:43 - root - INFO - MovingL ur5e_2 from [-0.69870222 -0.69103459  0.12210877] to [-0.7  -0.7   0.03]
2025-03-03 01:55:48 - root - INFO - MovingJ ur5e_2 from [ 1.26311037 -0.74507057  1.76061735 -2.58522894 -1.5705933  -0.30762981] to [ 1.26551944 -0.91210116  1.7285892  -2.380083   -1.57101633 -0.30391729]
2025-03-03 01:55:49 - root - WARNING - Failed to pick up block at [-0.7, -0.7, 0.03]
2025-03-03 01:55:49 - root - INFO - pick up block at (-0.7, -0.8) start_height 0.13
2025-03-03 01:55:49 - root - INFO - Planning and moving to xyz facing down ur5e_2 from [ 1.26313864 -0.82552063  1.74544808 -2.47918863 -1.57059282 -0.30762977] to [1.2048898377955, -1.1017537918752844, 2.0634051778599676, -2.532452982776899, -1.570796473029251, -0.36590555508834166] target: [-0.7, -0.8, 0.13]
2025-03-03 01:55:49 - root - INFO - Planning and movingJ ur5e_2 from [ 1.26313864 -0.82552063  1.74544808 -2.47918863 -1.57059282 -0.30762977] to [1.2048898377955, -1.1017537918752844, 2.0634051778599676, -2.532452982776899, -1.570796473029251, -0.36590555508834166]
2025-03-03 01:55:49 - root - INFO - MovingJ ur5e_2 from [ 1.26313864 -0.82552063  1.74544808 -2.47918863 -1.57059282 -0.30762977] to [1.2048898377955, -1.1017537918752844, 2.0634051778599676, -2.532452982776899, -1.570796473029251, -0.36590555508834166]
2025-03-03 01:55:50 - root - INFO - MovingL ur5e_2 from [-0.69932538 -0.79028351  0.12335012] to [-0.7  -0.8   0.03]
2025-03-03 01:55:53 - root - INFO - MovingJ ur5e_2 from [ 1.20357322 -0.8613324   2.06757371 -2.77694779 -1.57101542 -0.36588965] to [ 1.21028886 -1.07248738  2.03511054 -2.52700154 -1.57073418 -0.36052169]
2025-03-03 01:55:54 - root - WARNING - Failed to pick up block at [-0.7, -0.8, 0.03]
2025-03-03 01:55:54 - root - INFO - pick up block at (-0.7, -0.9) start_height 0.13
2025-03-03 01:55:54 - root - INFO - Planning and moving to xyz facing down ur5e_2 from [ 1.20360571 -0.98568428  2.04883004 -2.6236343  -1.57102628 -0.36588957] to [1.1193670931237631, -1.2586744202788533, 2.3447959812609227, -2.6569247321306233, -1.5707969590099926, -0.45142746459114674] target: [-0.7, -0.9, 0.13]
2025-03-03 01:55:54 - root - INFO - Planning and movingJ ur5e_2 from [ 1.20360571 -0.98568428  2.04883004 -2.6236343  -1.57102628 -0.36588957] to [1.1193670931237631, -1.2586744202788533, 2.3447959812609227, -2.6569247321306233, -1.5707969590099926, -0.45142746459114674]
2025-03-03 01:55:54 - root - INFO - MovingJ ur5e_2 from [ 1.20360571 -0.98568428  2.04883004 -2.6236343  -1.57102628 -0.36588957] to [1.1193670931237631, -1.2586744202788533, 2.3447959812609227, -2.6569247321306233, -1.5707969590099926, -0.45142746459114674]
2025-03-03 01:55:55 - root - INFO - MovingL ur5e_2 from [-0.69893538 -0.88994569  0.12521024] to [-0.7  -0.9   0.03]
2025-03-03 01:55:59 - root - INFO - MovingJ ur5e_2 from [ 1.11891404 -0.94145372  2.3485007  -2.98040537 -1.5706554  -0.45137071] to [ 1.12747417 -1.22963141  2.31731595 -2.65320072 -1.57087125 -0.44322391]
2025-03-03 01:56:00 - root - WARNING - Failed to pick up block at [-0.7, -0.9, 0.03]
