2025-03-03 03:01:58 - root - INFO - Logging setup complete for task1
2025-03-03 03:01:58 - root - INFO - MovingJ ur5e_2 from [-1.56417438e+00 -1.56694744e+00 -4.97276278e-04 -1.56588207e+00
  1.05265287e-05 -1.99549302e-06] to [1.305356658502026, -0.7908733209856437, 1.4010098471710881, 4.102251451313659, -1.5707962412281837, -0.26543967541515895]
2025-03-03 03:02:17 - root - WARNING - Movement for ur5e_2 timed out before reaching the target joints.
2025-03-03 03:02:17 - root - INFO - pick up block at (-0.7, -0.6) start_height 0.15
2025-03-03 03:02:17 - root - INFO - Planning and moving to xyz facing down ur5e_2 from [ 1.30535666 -0.78562018  1.40261191  4.10279703 -1.57079624 -0.26543968] to [1.3053578770225713, -0.7908644629543412, 1.4009919392688075, 4.102261479303667, -1.5707963282706245, -0.26543844261952404] target: [-0.7, -0.6, 0.15]
2025-03-03 03:02:17 - root - INFO - Planning and movingJ ur5e_2 from [ 1.30535666 -0.78562018  1.40261191  4.10279703 -1.57079624 -0.26543968] to [1.3053578770225713, -0.7908644629543412, 1.4009919392688075, 4.102261479303667, -1.5707963282706245, -0.26543844261952404]
2025-03-03 03:02:17 - root - INFO - MovingJ ur5e_2 from [ 1.30535666 -0.78562018  1.40261191  4.10279703 -1.57079624 -0.26543968] to [1.3053578770225713, -0.7908644629543412, 1.4009919392688075, 4.102261479303667, -1.5707963282706245, -0.26543844261952404]
2025-03-03 03:02:17 - root - INFO - MovingL ur5e_2 from [-0.70019434 -0.6007106   0.14531619] to [-0.7  -0.6   0.05]
2025-03-03 03:02:23 - root - WARNING - Linear movement for ur5e_2 completed, but target not reached within tolerance after 400 attempts
2025-03-03 03:02:23 - root - INFO - MovingJ ur5e_2 from [ 1.30542324 -0.63948638  1.41324026  3.9272094  -1.57082229 -0.26543821] to [ 1.3053594  -0.78541555  1.40267254  4.10281435 -1.57079625 -0.26543968]
2025-03-03 03:02:23 - root - INFO - Planning and moving to xyz facing down ur5e_2 from [ 1.30540239 -0.70011004  1.41446024  4.00616516 -1.57082245 -0.26543821] to [0.9812471571776916, -1.5126624821625652, 2.5976954109144628, 3.627354977226303, -1.5707963349390357, -0.5895490292257969] target: [-0.7, -1, 0.15]
2025-03-03 03:02:23 - root - INFO - Planning and movingJ ur5e_2 from [ 1.30540239 -0.70011004  1.41446024  4.00616516 -1.57082245 -0.26543821] to [0.9812471571776916, -1.5126624821625652, 2.5976954109144628, 3.627354977226303, -1.5707963349390357, -0.5895490292257969]
2025-03-03 03:02:24 - root - INFO - MovingJ ur5e_2 from [ 1.30540239 -0.70011004  1.41446024  4.00616516 -1.57082245 -0.26543821] to [0.9812471571776916, -1.5126624821625652, 2.5976954109144628, 3.627354977226303, -1.5707963349390357, -0.5895490292257969]
2025-03-03 03:02:28 - root - INFO - put down block at (-0.7, -1) start_height 0.2
2025-03-03 03:02:28 - root - INFO - Planning and moving to xyz facing down ur5e_2 from [ 0.98197236 -1.50965842  2.59592205  3.62858486 -1.57079582 -0.58883265] to [0.9812409091729556, -1.6917642940556115, 2.5409760645313666, 3.863175885258792, -1.5707961384004419, -0.5895553869835388] target: [-0.7, -1, 0.2]
2025-03-03 03:02:28 - root - INFO - Planning and movingJ ur5e_2 from [ 0.98197236 -1.50965842  2.59592205  3.62858486 -1.57079582 -0.58883265] to [0.9812409091729556, -1.6917642940556115, 2.5409760645313666, 3.863175885258792, -1.5707961384004419, -0.5895553869835388]
2025-03-03 03:02:28 - root - INFO - MovingJ ur5e_2 from [ 0.98197236 -1.50965842  2.59592205  3.62858486 -1.57079582 -0.58883265] to [0.9812409091729556, -1.6917642940556115, 2.5409760645313666, 3.863175885258792, -1.5707961384004419, -0.5895553869835388]
2025-03-03 03:02:29 - root - INFO - MovingL ur5e_2 from [-0.69993359 -0.99974637  0.19281664] to [-0.7        -1.          0.06978449]
2025-03-03 03:02:31 - root - INFO - MovingJ ur5e_2 from [ 0.98122155 -1.16011913  2.63348858  3.24892093 -1.57079543 -0.58953626] to [ 0.98152614 -1.66820715  2.54892499  3.83423815 -1.57079704 -0.58929093]
2025-03-03 03:02:32 - root - INFO - pick up block at (-0.7, -0.7) start_height 0.15
2025-03-03 03:02:32 - root - INFO - Planning and moving to xyz facing down ur5e_2 from [ 0.98138934 -1.5811019   2.56419355  3.73609655 -1.57079571 -0.58949146] to [1.2631286912583093, -0.9751100625812347, 1.74984417009353, 3.9376542619387034, -1.5707962732400729, -0.3076676243985227] target: [-0.7, -0.7, 0.15]
2025-03-03 03:02:32 - root - INFO - Planning and movingJ ur5e_2 from [ 0.98138934 -1.5811019   2.56419355  3.73609655 -1.57079571 -0.58949146] to [1.2631286912583093, -0.9751100625812347, 1.74984417009353, 3.9376542619387034, -1.5707962732400729, -0.3076676243985227]
2025-03-03 03:02:32 - root - INFO - MovingJ ur5e_2 from [ 0.98138934 -1.5811019   2.56419355  3.73609655 -1.57079571 -0.58949146] to [1.2631286912583093, -0.9751100625812347, 1.74984417009353, 3.9376542619387034, -1.5707962732400729, -0.3076676243985227]
2025-03-03 03:02:34 - root - INFO - MovingL ur5e_2 from [-0.69699001 -0.71030077  0.14986447] to [-0.7  -0.7   0.05]
2025-03-03 03:02:39 - root - WARNING - Linear movement for ur5e_2 completed, but target not reached within tolerance after 400 attempts
2025-03-03 03:02:39 - root - INFO - MovingJ ur5e_2 from [ 1.26319129 -0.79324741  1.7622549   3.73065844 -1.57080636 -0.30766679] to [ 1.25329693 -0.99221653  1.77966409  3.93118301 -1.57079235 -0.31747238]
2025-03-03 03:02:40 - root - INFO - Planning and moving to xyz facing down ur5e_2 from [ 1.26316687 -0.89348884  1.76333078  3.8362911  -1.57080651 -0.30766679] to [0.9812458057556378, -1.8254564679931145, 2.464295418976033, 4.073549366073867, -1.5707962825483865, -0.5895505336828051] target: [-0.7, -1, 0.25]
2025-03-03 03:02:40 - root - INFO - Planning and movingJ ur5e_2 from [ 1.26316687 -0.89348884  1.76333078  3.8362911  -1.57080651 -0.30766679] to [0.9812458057556378, -1.8254564679931145, 2.464295418976033, 4.073549366073867, -1.5707962825483865, -0.5895505336828051]
2025-03-03 03:02:40 - root - INFO - MovingJ ur5e_2 from [ 1.26316687 -0.89348884  1.76333078  3.8362911  -1.57080651 -0.30766679] to [0.9812458057556378, -1.8254564679931145, 2.464295418976033, 4.073549366073867, -1.5707962825483865, -0.5895505336828051]
2025-03-03 03:02:44 - root - INFO - put down block at (-0.7, -1) start_height 0.3
2025-03-03 03:02:44 - root - INFO - Planning and moving to xyz facing down ur5e_2 from [ 0.98208142 -1.82252674  2.46362368  4.07325036 -1.57079425 -0.58872666] to [0.981240310268198, -1.9179316078190696, 2.37253358484334, 4.257786464471188, -1.5707961187282473, -0.5895559874812382] target: [-0.7, -1, 0.3]
2025-03-03 03:02:44 - root - INFO - Planning and movingJ ur5e_2 from [ 0.98208142 -1.82252674  2.46362368  4.07325036 -1.57079425 -0.58872666] to [0.981240310268198, -1.9179316078190696, 2.37253358484334, 4.257786464471188, -1.5707961187282473, -0.5895559874812382]
2025-03-03 03:02:44 - root - INFO - MovingJ ur5e_2 from [ 0.98208142 -1.82252674  2.46362368  4.07325036 -1.57079425 -0.58872666] to [0.981240310268198, -1.9179316078190696, 2.37253358484334, 4.257786464471188, -1.5707961187282473, -0.5895559874812382]
2025-03-03 03:02:45 - root - INFO - MovingL ur5e_2 from [-0.69992991 -0.99969596  0.29077808] to [-0.7        -1.          0.08978449]
2025-03-03 03:02:48 - root - INFO - MovingJ ur5e_2 from [ 0.98122524 -1.25826667  2.63001399  3.34417777 -1.57079471 -0.58953996] to [ 0.98160665 -1.90227867  2.38895555  4.22794315 -1.57079547 -0.58920298]
2025-03-03 03:02:49 - root - INFO - pick up block at (-0.7, -0.8) start_height 0.15
2025-03-03 03:02:49 - root - INFO - Planning and moving to xyz facing down ur5e_2 from [ 0.98145384 -1.83125894  2.41689697  4.13190208 -1.57079484 -0.58943972] to [1.204889091208752, -1.1446433029278213, 2.054209352830559, 3.802822745737687, -1.570796302947219, -0.3659072472451908] target: [-0.7, -0.8, 0.15]
2025-03-03 03:02:49 - root - INFO - Planning and movingJ ur5e_2 from [ 0.98145384 -1.83125894  2.41689697  4.13190208 -1.57079484 -0.58943972] to [1.204889091208752, -1.1446433029278213, 2.054209352830559, 3.802822745737687, -1.570796302947219, -0.3659072472451908]
2025-03-03 03:02:49 - root - INFO - MovingJ ur5e_2 from [ 0.98145384 -1.83125894  2.41689697  4.13190208 -1.57079484 -0.58943972] to [1.204889091208752, -1.1446433029278213, 2.054209352830559, 3.802822745737687, -1.570796302947219, -0.3659072472451908]
2025-03-03 03:02:51 - root - INFO - MovingL ur5e_2 from [-0.69761846 -0.80844076  0.15687519] to [-0.7  -0.8   0.05]
2025-03-03 03:02:56 - root - WARNING - Linear movement for ur5e_2 completed, but target not reached within tolerance after 400 attempts
2025-03-03 03:02:57 - root - INFO - MovingJ ur5e_2 from [ 1.2049613  -0.91759845  2.06873785  3.54727941 -1.57081275 -0.36590672] to [ 1.19457995 -1.17313457  2.0722193   3.81846639 -1.57079289 -0.37615748]
2025-03-03 03:02:57 - root - INFO - Planning and moving to xyz facing down ur5e_2 from [ 1.20494361 -1.07521248  2.06964793  3.71872121 -1.57081345 -0.36590671] to [0.981244755950067, -1.9765933824408808, 2.269018375912442, 4.419963371662611, -1.5707962502675124, -0.5895516067388417] target: [-0.7, -1, 0.35]
2025-03-03 03:02:57 - root - INFO - Planning and movingJ ur5e_2 from [ 1.20494361 -1.07521248  2.06964793  3.71872121 -1.57081345 -0.36590671] to [0.981244755950067, -1.9765933824408808, 2.269018375912442, 4.419963371662611, -1.5707962502675124, -0.5895516067388417]
2025-03-03 03:02:57 - root - INFO - MovingJ ur5e_2 from [ 1.20494361 -1.07521248  2.06964793  3.71872121 -1.57081345 -0.36590671] to [0.981244755950067, -1.9765933824408808, 2.269018375912442, 4.419963371662611, -1.5707962502675124, -0.5895516067388417]
2025-03-03 03:03:01 - root - INFO - put down block at (-0.7, -1) start_height 0.39999999999999997
2025-03-03 03:03:01 - root - INFO - Planning and moving to xyz facing down ur5e_2 from [ 0.98203374 -1.97371623  2.26996229  4.41792394 -1.5707953  -0.58877381] to [0.9812420528637757, -2.008618198782857, 2.155748122292531, 4.565258497396948, -1.5707961713314509, -0.58955425553746] target: [-0.7, -1, 0.39999999999999997]
2025-03-03 03:03:01 - root - INFO - Planning and movingJ ur5e_2 from [ 0.98203374 -1.97371623  2.26996229  4.41792394 -1.5707953  -0.58877381] to [0.9812420528637757, -2.008618198782857, 2.155748122292531, 4.565258497396948, -1.5707961713314509, -0.58955425553746]
2025-03-03 03:03:01 - root - INFO - MovingJ ur5e_2 from [ 0.98203374 -1.97371623  2.26996229  4.41792394 -1.5707953  -0.58877381] to [0.9812420528637757, -2.008618198782857, 2.155748122292531, 4.565258497396948, -1.5707961713314509, -0.58955425553746]
2025-03-03 03:03:02 - root - INFO - MovingL ur5e_2 from [-0.69991734 -0.99967134  0.38908292] to [-0.7        -1.          0.12917017]
2025-03-03 03:03:06 - root - INFO - MovingJ ur5e_2 from [ 0.98122175 -1.43706305  2.6118313   3.54158762 -1.57079556 -0.58954339] to [ 0.9816171  -2.00205411  2.17987511  4.53667495 -1.57079539 -0.58918682]
2025-03-03 03:03:08 - root - INFO - pick up block at (-0.7, -0.9) start_height 0.15
2025-03-03 03:03:08 - root - INFO - Planning and moving to xyz facing down ur5e_2 from [ 0.98144866 -1.94735784  2.22354445  4.44112909 -1.57079547 -0.589425  ] to [1.1193446255398152, -1.3155435747625381, 2.333550140162756, 3.694377724918624, -1.5707959173820318, -0.4514520023295143] target: [-0.7, -0.9, 0.15]
2025-03-03 03:03:08 - root - INFO - Planning and movingJ ur5e_2 from [ 0.98144866 -1.94735784  2.22354445  4.44112909 -1.57079547 -0.589425  ] to [1.1193446255398152, -1.3155435747625381, 2.333550140162756, 3.694377724918624, -1.5707959173820318, -0.4514520023295143]
2025-03-03 03:03:08 - root - INFO - MovingJ ur5e_2 from [ 0.98144866 -1.94735784  2.22354445  4.44112909 -1.57079547 -0.589425  ] to [1.1193446255398152, -1.3155435747625381, 2.333550140162756, 3.694377724918624, -1.5707959173820318, -0.4514520023295143]
2025-03-03 03:03:09 - root - INFO - MovingL ur5e_2 from [-0.69821501 -0.90144688  0.15722606] to [-0.7  -0.9   0.05]
2025-03-03 03:03:16 - root - INFO - MovingJ ur5e_2 from [ 1.11961434 -1.01407649  2.35286562  3.35798075 -1.57084267 -0.45145431] to [ 1.11392654 -1.33796022  2.33051249  3.72400547 -1.57079416 -0.45682168]
2025-03-03 03:03:17 - root - INFO - Planning and moving to xyz facing down ur5e_2 from [ 1.11961294 -1.24653795  2.35357234  3.62417115 -1.57084089 -0.45145485] to [0.9812442038698271, -2.0195466472422092, 2.033596031008935, 4.698339330416828, -1.5707962381566307, -0.5895522251783082] target: [-0.7, -1, 0.45000000000000007]
2025-03-03 03:03:17 - root - INFO - Planning and movingJ ur5e_2 from [ 1.11961294 -1.24653795  2.35357234  3.62417115 -1.57084089 -0.45145485] to [0.9812442038698271, -2.0195466472422092, 2.033596031008935, 4.698339330416828, -1.5707962381566307, -0.5895522251783082]
2025-03-03 03:03:17 - root - INFO - MovingJ ur5e_2 from [ 1.11961294 -1.24653795  2.35357234  3.62417115 -1.57084089 -0.45145485] to [0.9812442038698271, -2.0195466472422092, 2.033596031008935, 4.698339330416828, -1.5707962381566307, -0.5895522251783082]
