2025-03-03 02:31:34 - root - INFO - Logging setup complete for task1
2025-03-03 02:31:34 - root - INFO - Attempting to pick up block at [-0.5, -0.4, 0.03]
2025-03-03 02:31:34 - root - INFO - pick up block at (-0.5, -0.4) start_height 0.13
2025-03-03 02:31:34 - root - INFO - Planning and moving to xyz facing down ur5e_1 from [-1.56417438e+00 -1.56694744e+00 -4.97276278e-04 -1.56588207e+00
  1.05265287e-05 -1.99549302e-06] to [4.026533071230327, -2.2132383898399515, 4.549414194724725, -0.7653790626454846, 1.5707962893743295, 2.455736739792818] target: [-0.5, -0.4, 0.13]
2025-03-03 02:31:34 - root - INFO - Planning and movingJ ur5e_1 from [-1.56417438e+00 -1.56694744e+00 -4.97276278e-04 -1.56588207e+00
  1.05265287e-05 -1.99549302e-06] to [-2.256652235949259, -2.2132383898399515, -1.7337711124548614, -0.7653790626454846, 1.5707962893743295, 2.455736739792818]
2025-03-03 02:31:35 - root - INFO - MovingJ ur5e_1 from [-1.56417438e+00 -1.56694744e+00 -4.97276278e-04 -1.56588207e+00
  1.05265287e-05 -1.99549302e-06] to [-2.256652235949259, -2.2132383898399515, -1.7337711124548614, -0.7653790626454846, 1.5707962893743295, 2.455736739792818]
2025-03-03 02:31:38 - root - INFO - MovingL ur5e_1 from [-0.5021642  -0.40795415  0.13820305] to [-0.5  -0.4   0.03]
2025-03-03 02:31:43 - root - WARNING - Linear movement for ur5e_1 completed, but target not reached within tolerance after 400 attempts
2025-03-03 02:31:43 - root - INFO - MovingJ ur5e_1 from [-2.2554497  -2.40237971 -1.73385279 -0.56892359  1.57106136  2.45582831] to [-2.2483751  -2.21013048 -1.71443734 -0.77560858  1.5519274   2.42621768]
2025-03-03 02:31:44 - root - WARNING - Failed to pick up block at [-0.5, -0.4, 0.03]
2025-03-03 02:31:44 - root - INFO - Attempting to pick up block at [-0.5, -0.5, 0.03]
2025-03-03 02:31:44 - root - INFO - pick up block at (-0.5, -0.5) start_height 0.13
2025-03-03 02:31:44 - root - INFO - Planning and moving to xyz facing down ur5e_1 from [-2.25548426 -2.30466084 -1.7351355  -0.68032878  1.57105967  2.43997216] to [-2.166100316840991, -2.33081172962246, -1.503959118070274, -0.8776137982900457, 1.570795934076852, 2.5462888962140804] target: [-0.5, -0.5, 0.13]
2025-03-03 02:31:44 - root - INFO - Planning and movingJ ur5e_1 from [-2.25548426 -2.30466084 -1.7351355  -0.68032878  1.57105967  2.43997216] to [-2.166100316840991, -2.33081172962246, -1.503959118070274, -0.8776137982900457, 1.570795934076852, 2.5462888962140804]
2025-03-03 02:31:44 - root - INFO - MovingJ ur5e_1 from [-2.25548426 -2.30466084 -1.7351355  -0.68032878  1.57105967  2.43997216] to [-2.166100316840991, -2.33081172962246, -1.503959118070274, -0.8776137982900457, 1.570795934076852, 2.5462888962140804]
2025-03-03 02:31:45 - root - INFO - MovingL ur5e_1 from [-0.50064942 -0.48804357  0.11962778] to [-0.5  -0.5   0.03]
2025-03-03 02:31:50 - root - WARNING - Linear movement for ur5e_1 completed, but target not reached within tolerance after 400 attempts
2025-03-03 02:31:51 - root - INFO - MovingJ ur5e_1 from [-2.17160811 -2.49064577 -1.50243916 -0.69970179  1.57059144  2.54620497] to [-2.1766851  -2.33249438 -1.53288575 -0.85465374  1.57089047  2.53363726]
2025-03-03 02:31:51 - root - WARNING - Failed to pick up block at [-0.5, -0.5, 0.03]
2025-03-03 02:31:51 - root - INFO - Attempting to pick up block at [-0.5, -0.6, 0.03]
2025-03-03 02:31:51 - root - INFO - pick up block at (-0.5, -0.6) start_height 0.13
2025-03-03 02:31:51 - root - INFO - Planning and moving to xyz facing down ur5e_1 from [-2.17173988 -2.43257547 -1.51599219 -0.76245405  1.5705671   2.54620338] to [-2.093626136185632, -2.4781629360676094, -1.2113075588039988, -1.0229179902459558, 1.5707962797067974, 2.6187628537069476] target: [-0.5, -0.6, 0.13]
2025-03-03 02:31:51 - root - INFO - Planning and movingJ ur5e_1 from [-2.17173988 -2.43257547 -1.51599219 -0.76245405  1.5705671   2.54620338] to [-2.093626136185632, -2.4781629360676094, -1.2113075588039988, -1.0229179902459558, 1.5707962797067974, 2.6187628537069476]
2025-03-03 02:31:51 - root - INFO - MovingJ ur5e_1 from [-2.17173988 -2.43257547 -1.51599219 -0.76245405  1.5705671   2.54620338] to [-2.093626136185632, -2.4781629360676094, -1.2113075588039988, -1.0229179902459558, 1.5707962797067974, 2.6187628537069476]
2025-03-03 02:31:52 - root - INFO - MovingL ur5e_1 from [-0.50075437 -0.59071642  0.11873901] to [-0.5  -0.6   0.03]
2025-03-03 02:31:58 - root - WARNING - Linear movement for ur5e_1 completed, but target not reached within tolerance after 400 attempts
2025-03-03 02:31:58 - root - INFO - MovingJ ur5e_1 from [-2.09656853 -2.61060834 -1.20472078 -0.85953114  1.57222938  2.61879954] to [-2.10055642 -2.47957117 -1.24017971 -1.00013045  1.57073036  2.61226936]
2025-03-03 02:31:59 - root - WARNING - Failed to pick up block at [-0.5, -0.6, 0.03]
2025-03-03 02:31:59 - root - INFO - Attempting to pick up block at [-0.5, -0.7, 0.03]
2025-03-03 02:31:59 - root - INFO - pick up block at (-0.5, -0.7) start_height 0.13
2025-03-03 02:31:59 - root - INFO - Planning and moving to xyz facing down ur5e_1 from [-2.09667975 -2.57545744 -1.21601997 -0.90162278  1.57232811  2.61881426] to [-2.035101077626247, -2.6800684133773007, -0.8043324129034375, -1.2279864262379154, 1.5707961605775365, 2.6772879063261468] target: [-0.5, -0.7, 0.13]
2025-03-03 02:31:59 - root - INFO - Planning and movingJ ur5e_1 from [-2.09667975 -2.57545744 -1.21601997 -0.90162278  1.57232811  2.61881426] to [-2.035101077626247, -2.6800684133773007, -0.8043324129034375, -1.2279864262379154, 1.5707961605775365, 2.6772879063261468]
2025-03-03 02:31:59 - root - INFO - MovingJ ur5e_1 from [-2.09667975 -2.57545744 -1.21601997 -0.90162278  1.57232811  2.61881426] to [-2.035101077626247, -2.6800684133773007, -0.8043324129034375, -1.2279864262379154, 1.5707961605775365, 2.6772879063261468]
2025-03-03 02:32:00 - root - INFO - MovingL ur5e_1 from [-0.50060751 -0.69383017  0.11915395] to [-0.5  -0.7   0.03]
2025-03-03 02:32:05 - root - WARNING - Linear movement for ur5e_1 completed, but target not reached within tolerance after 400 attempts
2025-03-03 02:32:06 - root - INFO - MovingJ ur5e_1 from [-2.03766614 -2.7952738  -0.79824022 -1.08012828  1.57207893  2.67731829] to [-2.03906301 -2.67948546 -0.8330401  -1.2072062   1.57119194  2.67347003]
2025-03-03 02:32:06 - root - WARNING - Failed to pick up block at [-0.5, -0.7, 0.03]
