2025-03-03 00:52:43 - root - INFO - Logging setup complete for task1
2025-03-03 00:52:43 - root - INFO - pick up block at (-0.7, -0.6) start_height 0.13
2025-03-03 00:52:43 - root - INFO - Planning and moving to xyz facing down ur5e_2 from [-1.56417438e+00 -1.56694744e+00 -4.97276278e-04 -1.56588207e+00
  1.05265287e-05 -1.99549302e-06] to [4.813813251958585, -2.3787656426202424, 4.873984037537161, 5.3587637567835, -4.7123890307615275, -6.181761026968624] target: [-0.7, -0.6, 0.13]
2025-03-03 00:52:43 - root - INFO - Planning and movingJ ur5e_2 from [-1.56417438e+00 -1.56694744e+00 -4.97276278e-04 -1.56588207e+00
  1.05265287e-05 -1.99549302e-06] to [-1.469372055221001, -2.3787656426202424, -1.4092012696424252, -0.9244215503960866, 1.5707962764180587, 0.10142428021096261]
2025-03-03 00:52:43 - root - INFO - MovingJ ur5e_2 from [-1.56417438e+00 -1.56694744e+00 -4.97276278e-04 -1.56588207e+00
  1.05265287e-05 -1.99549302e-06] to [-1.469372055221001, -2.3787656426202424, -1.4092012696424252, -0.9244215503960866, 1.5707962764180587, 0.10142428021096261]
2025-03-03 00:52:46 - root - INFO - MovingL ur5e_2 from [-0.69660806 -0.59277612  0.1456704 ] to [-0.7  -0.6   0.03]
2025-03-03 00:52:51 - root - WARNING - Linear movement for ur5e_2 completed, but target not reached within tolerance after 400 attempts
2025-03-03 00:52:51 - root - INFO - MovingJ ur5e_2 from [-1.47099155 -2.52393806 -1.40179662 -0.7499935   1.57192596  0.1015718 ] to [-1.47106082 -2.36942876 -1.3849639  -0.93688523  1.54188267  0.09955515]
2025-03-03 00:52:52 - root - INFO - Planning and moving to xyz facing down ur5e_2 from [-1.47105209 -2.45638577 -1.40284295 -0.83820442  1.55783727  0.10157956] to [-1.4530326477065325, -2.1664852767259544, -1.7498380705561722, -0.7960654120615154, 1.5707963084487642, 0.11776368085216654] target: [-0.7, -0.7, 0.15]
2025-03-03 00:52:52 - root - INFO - Planning and movingJ ur5e_2 from [-1.47105209 -2.45638577 -1.40284295 -0.83820442  1.55783727  0.10157956] to [-1.4530326477065325, -2.1664852767259544, -1.7498380705561722, -0.7960654120615154, 1.5707963084487642, 0.11776368085216654]
2025-03-03 00:52:52 - root - INFO - MovingJ ur5e_2 from [-1.47105209 -2.45638577 -1.40284295 -0.83820442  1.55783727  0.10157956] to [-1.4530326477065325, -2.1664852767259544, -1.7498380705561722, -0.7960654120615154, 1.5707963084487642, 0.11776368085216654]
2025-03-03 00:52:55 - root - WARNING - Movement for ur5e_2 timed out before reaching the target joints.
2025-03-03 00:52:55 - root - INFO - put down block at (-0.7, -0.7) start_height 0.2
2025-03-03 00:52:55 - root - INFO - Planning and moving to xyz facing down ur5e_2 from [-1.45303877 -2.17091009 -1.75114594 -0.79662417  1.57079231  0.11775867] to [-1.453031489019212, -2.0878506169904507, -1.7187184906559825, -0.9058187280434893, 1.5707962385643524, 0.11776483254535151] target: [-0.7, -0.7, 0.2]
2025-03-03 00:52:55 - root - INFO - Planning and movingJ ur5e_2 from [-1.45303877 -2.17091009 -1.75114594 -0.79662417  1.57079231  0.11775867] to [-1.453031489019212, -2.0878506169904507, -1.7187184906559825, -0.9058187280434893, 1.5707962385643524, 0.11776483254535151]
2025-03-03 00:52:55 - root - INFO - MovingJ ur5e_2 from [-1.45303877 -2.17091009 -1.75114594 -0.79662417  1.57079231  0.11775867] to [-1.453031489019212, -2.0878506169904507, -1.7187184906559825, -0.9058187280434893, 1.5707962385643524, 0.11776483254535151]
2025-03-03 00:52:56 - root - INFO - MovingL ur5e_2 from [-0.69998413 -0.70010127  0.18276172] to [-0.7        -0.7         0.08978449]
2025-03-03 00:52:57 - root - INFO - MovingJ ur5e_2 from [-1.45302063 -2.27768172 -1.77008737 -0.68553887  1.57079628  0.11776106] to [-1.4530388  -2.11382278 -1.72869523 -0.87709595  1.57079398  0.11776128]
2025-03-03 00:52:58 - root - INFO - pick up block at (-0.7, -0.7) start_height 0.13
2025-03-03 00:52:58 - root - INFO - Planning and moving to xyz facing down ur5e_2 from [-1.45305274 -2.20079261 -1.75081156 -0.7807111   1.57079628  0.11776106] to [-1.4530347980905292, -2.2006825080768357, -1.7580402105208564, -0.7536699447457869, 1.570796436286589, 0.11776152058159829] target: [-0.7, -0.7, 0.13]
2025-03-03 00:52:58 - root - INFO - Planning and movingJ ur5e_2 from [-1.45305274 -2.20079261 -1.75081156 -0.7807111   1.57079628  0.11776106] to [-1.4530347980905292, -2.2006825080768357, -1.7580402105208564, -0.7536699447457869, 1.570796436286589, 0.11776152058159829]
2025-03-03 00:52:58 - root - INFO - MovingJ ur5e_2 from [-1.45305274 -2.20079261 -1.75081156 -0.7807111   1.57079628  0.11776106] to [-1.4530347980905292, -2.2006825080768357, -1.7580402105208564, -0.7536699447457869, 1.570796436286589, 0.11776152058159829]
2025-03-03 00:52:58 - root - INFO - MovingL ur5e_2 from [-0.69999113 -0.69997034  0.12976631] to [-0.7  -0.7   0.03]
2025-03-03 00:53:03 - root - WARNING - Linear movement for ur5e_2 completed, but target not reached within tolerance after 400 attempts
2025-03-03 00:53:04 - root - INFO - MovingJ ur5e_2 from [-1.45347441 -2.39294211 -1.7591435  -0.55488942  1.57109761  0.11788266] to [-1.45305281 -2.20100908 -1.75087906 -0.78073767  1.57079627  0.11776106]
2025-03-03 00:53:04 - root - INFO - Planning and moving to xyz facing down ur5e_2 from [-1.45351329 -2.28799724 -1.76043979 -0.685355    1.57109665  0.11788256] to [-1.4530321433458309, -2.0201045661768062, -1.672635510225618, -1.0196483763697661, 1.5707962771514075, 0.11776419808141728] target: [-0.7, -0.7, 0.25]
2025-03-03 00:53:04 - root - INFO - Planning and movingJ ur5e_2 from [-1.45351329 -2.28799724 -1.76043979 -0.685355    1.57109665  0.11788256] to [-1.4530321433458309, -2.0201045661768062, -1.672635510225618, -1.0196483763697661, 1.5707962771514075, 0.11776419808141728]
2025-03-03 00:53:04 - root - INFO - MovingJ ur5e_2 from [-1.45351329 -2.28799724 -1.76043979 -0.685355    1.57109665  0.11788256] to [-1.4530321433458309, -2.0201045661768062, -1.672635510225618, -1.0196483763697661, 1.5707962771514075, 0.11776419808141728]
2025-03-03 00:53:07 - root - WARNING - Movement for ur5e_2 timed out before reaching the target joints.
2025-03-03 00:53:07 - root - INFO - put down block at (-0.7, -0.7) start_height 0.3
2025-03-03 00:53:07 - root - INFO - Planning and moving to xyz facing down ur5e_2 from [-1.45303412 -2.02412059 -1.67432538 -1.02007606  1.57079719  0.11776456] to [-1.4530312972322013, -1.964291413035993, -1.6117732591792326, -1.1363231230849513, 1.5707962267604019, 0.117765026358185] target: [-0.7, -0.7, 0.3]
2025-03-03 00:53:07 - root - INFO - Planning and movingJ ur5e_2 from [-1.45303412 -2.02412059 -1.67432538 -1.02007606  1.57079719  0.11776456] to [-1.4530312972322013, -1.964291413035993, -1.6117732591792326, -1.1363231230849513, 1.5707962267604019, 0.117765026358185]
2025-03-03 00:53:07 - root - INFO - MovingJ ur5e_2 from [-1.45303412 -2.02412059 -1.67432538 -1.02007606  1.57079719  0.11776456] to [-1.4530312972322013, -1.964291413035993, -1.6117732591792326, -1.1363231230849513, 1.5707962267604019, 0.117765026358185]
2025-03-03 00:53:08 - root - INFO - MovingL ur5e_2 from [-0.70004617 -0.6995974   0.28306362] to [-0.7        -0.7         0.06978449]
2025-03-03 00:53:11 - root - INFO - MovingJ ur5e_2 from [-1.45301802 -2.31560511 -1.7715006  -0.6463194   1.57079629  0.11776289] to [-1.45303537 -1.98339005 -1.62967712 -1.10636821  1.57079678  0.11776476]
2025-03-03 00:53:12 - root - INFO - pick up block at (-0.7, -0.8) start_height 0.13
2025-03-03 00:53:12 - root - INFO - Planning and moving to xyz facing down ur5e_2 from [-1.45309128 -2.05624749 -1.66050965 -1.01179036  1.57079635  0.11776315] to [-1.4303441835444164, -2.0398375876947434, -2.063366280964774, -0.609184911068305, 1.5707962980307744, 0.14045215156693844] target: [-0.7, -0.8, 0.13]
2025-03-03 00:53:12 - root - INFO - Planning and movingJ ur5e_2 from [-1.45309128 -2.05624749 -1.66050965 -1.01179036  1.57079635  0.11776315] to [-1.4303441835444164, -2.0398375876947434, -2.063366280964774, -0.609184911068305, 1.5707962980307744, 0.14045215156693844]
2025-03-03 00:53:12 - root - INFO - MovingJ ur5e_2 from [-1.45309128 -2.05624749 -1.66050965 -1.01179036  1.57079635  0.11776315] to [-1.4303441835444164, -2.0398375876947434, -2.063366280964774, -0.609184911068305, 1.5707962980307744, 0.14045215156693844]
2025-03-03 00:53:13 - root - INFO - MovingL ur5e_2 from [-0.70029174 -0.79195287  0.13345637] to [-0.7  -0.8   0.03]
2025-03-03 00:53:18 - root - INFO - MovingJ ur5e_2 from [-1.43020622 -2.28115315 -2.06602344 -0.36455163  1.57070654  0.14049332] to [-1.43194194 -2.04465404 -2.03643596 -0.63788718  1.57079692  0.1388661 ]
2025-03-03 00:53:19 - root - INFO - Planning and moving to xyz facing down ur5e_2 from [-1.43025692 -2.13191011 -2.04788581 -0.54297259  1.57070644  0.14049336] to [-1.4530270733690345, -1.9211651811448518, -1.5361108844859426, -1.2551075826624016, 1.5707959720011755, 0.1177692296279629] target: [-0.7, -0.7, 0.35]
2025-03-03 00:53:19 - root - INFO - Planning and movingJ ur5e_2 from [-1.43025692 -2.13191011 -2.04788581 -0.54297259  1.57070644  0.14049336] to [-1.4530270733690345, -1.9211651811448518, -1.5361108844859426, -1.2551075826624016, 1.5707959720011755, 0.1177692296279629]
2025-03-03 00:53:19 - root - INFO - MovingJ ur5e_2 from [-1.43025692 -2.13191011 -2.04788581 -0.54297259  1.57070644  0.14049336] to [-1.4530270733690345, -1.9211651811448518, -1.5361108844859426, -1.2551075826624016, 1.5707959720011755, 0.1177692296279629]
2025-03-03 00:53:25 - root - WARNING - Movement for ur5e_2 timed out before reaching the target joints.
2025-03-03 00:53:25 - root - INFO - put down block at (-0.7, -0.7) start_height 0.39999999999999997
2025-03-03 00:53:25 - root - INFO - Planning and moving to xyz facing down ur5e_2 from [-1.45302706 -1.92479271 -1.5379483  -1.25565299  1.57079597  0.11776924] to [-1.4530309477651921, -1.8913888170959368, -1.4450306687539878, -1.3759680607840956, 1.5707962054506202, 0.11776537721401009] target: [-0.7, -0.7, 0.39999999999999997]
2025-03-03 00:53:25 - root - INFO - Planning and movingJ ur5e_2 from [-1.45302706 -1.92479271 -1.5379483  -1.25565299  1.57079597  0.11776924] to [-1.4530309477651921, -1.8913888170959368, -1.4450306687539878, -1.3759680607840956, 1.5707962054506202, 0.11776537721401009]
2025-03-03 00:53:25 - root - INFO - MovingJ ur5e_2 from [-1.45302706 -1.92479271 -1.5379483  -1.25565299  1.57079597  0.11776924] to [-1.4530309477651921, -1.8913888170959368, -1.4450306687539878, -1.3759680607840956, 1.5707962054506202, 0.11776537721401009]
2025-03-03 00:53:25 - root - INFO - MovingL ur5e_2 from [-0.70011158 -0.69907147  0.38380816] to [-0.7        -0.7         0.06978449]
2025-03-03 00:53:30 - root - INFO - MovingJ ur5e_2 from [-1.45301791 -2.31565737 -1.77125136 -0.6465202   1.5707963   0.1177633 ] to [-1.45303015 -1.90291863 -1.4698458  -1.34650039  1.57079608  0.1177675 ]
2025-03-03 00:53:31 - root - INFO - pick up block at (-0.7, -0.9) start_height 0.13
2025-03-03 00:53:31 - root - INFO - Planning and moving to xyz facing down ur5e_2 from [-1.45310101 -1.96301434 -1.51266073 -1.25170633  1.57079623  0.11776439] to [-1.3966251397184049, -1.882889298850531, -2.3447954675525913, -0.48469979066865215, 1.5707959560505076, 0.17417136580058862] target: [-0.7, -0.9, 0.13]
2025-03-03 00:53:31 - root - INFO - Planning and movingJ ur5e_2 from [-1.45310101 -1.96301434 -1.51266073 -1.25170633  1.57079623  0.11776439] to [-1.3966251397184049, -1.882889298850531, -2.3447954675525913, -0.48469979066865215, 1.5707959560505076, 0.17417136580058862]
2025-03-03 00:53:31 - root - INFO - MovingJ ur5e_2 from [-1.45310101 -1.96301434 -1.51266073 -1.25170633  1.57079623  0.11776439] to [-1.3966251397184049, -1.882889298850531, -2.3447954675525913, -0.48469979066865215, 1.5707959560505076, 0.17417136580058862]
2025-03-03 00:53:32 - root - INFO - MovingL ur5e_2 from [-0.70080027 -0.89046392  0.13307699] to [-0.7  -0.9   0.03]
2025-03-03 00:53:36 - root - INFO - MovingJ ur5e_2 from [-1.39790497 -2.19776179 -2.35066973 -0.15961183  1.5709626   0.17407872] to [-1.39867873 -1.88860167 -2.31587041 -0.5129114   1.57079695  0.17213849]
2025-03-03 00:53:37 - root - INFO - Planning and moving to xyz facing down ur5e_2 from [-1.3979803  -1.97801491 -2.32640844 -0.41560297  1.57096002  0.17407874] to [-1.4530275375157828, -1.8754886244047009, -1.337611046856789, -1.4992852761997448, 1.570795994161637, 0.11776874144246563] target: [-0.7, -0.7, 0.45000000000000007]
2025-03-03 00:53:37 - root - INFO - Planning and movingJ ur5e_2 from [-1.3979803  -1.97801491 -2.32640844 -0.41560297  1.57096002  0.17407874] to [-1.4530275375157828, -1.8754886244047009, -1.337611046856789, -1.4992852761997448, 1.570795994161637, 0.11776874144246563]
2025-03-03 00:53:37 - root - INFO - MovingJ ur5e_2 from [-1.3979803  -1.97801491 -2.32640844 -0.41560297  1.57096002  0.17407874] to [-1.4530275375157828, -1.8754886244047009, -1.337611046856789, -1.4992852761997448, 1.570795994161637, 0.11776874144246563]
2025-03-03 00:53:44 - root - WARNING - Movement for ur5e_2 timed out before reaching the target joints.
2025-03-03 00:53:44 - root - INFO - put down block at (-0.7, -0.7) start_height 0.5000000000000001
2025-03-03 00:53:44 - root - INFO - Planning and moving to xyz facing down ur5e_2 from [-1.45302753 -1.87897726 -1.3395332  -1.49983103  1.57079599  0.11776875] to [-1.453030086123857, -1.8745412939681338, -1.2112941291320842, -1.6265513700375198, 1.5707961533023767, 0.11776623697689546] target: [-0.7, -0.7, 0.5000000000000001]
2025-03-03 00:53:44 - root - INFO - Planning and movingJ ur5e_2 from [-1.45302753 -1.87897726 -1.3395332  -1.49983103  1.57079599  0.11776875] to [-1.453030086123857, -1.8745412939681338, -1.2112941291320842, -1.6265513700375198, 1.5707961533023767, 0.11776623697689546]
2025-03-03 00:53:44 - root - INFO - MovingJ ur5e_2 from [-1.45302753 -1.87897726 -1.3395332  -1.49983103  1.57079599  0.11776875] to [-1.453030086123857, -1.8745412939681338, -1.2112941291320842, -1.6265513700375198, 1.5707961533023767, 0.11776623697689546]
2025-03-03 00:53:44 - root - INFO - MovingL ur5e_2 from [-0.70022225 -0.69815161  0.48522941] to [-0.7        -0.7         0.06978449]
2025-03-03 00:53:50 - root - INFO - MovingJ ur5e_2 from [-1.45301877 -2.31599861 -1.770884   -0.646551    1.57079631  0.11776312] to [-1.45302721 -1.87982635 -1.23994991 -1.60049499  1.57079608  0.11776742]
